Archive member included to satisfy reference by file (symbol)

./mbed/TARGET_K64F/TOOLCHAIN_GCC_ARM/libmbed.a(fsl_gpio_hal.o)
                              main.o (GPIO_HAL_WritePinOutput)
./mbed/TARGET_K64F/TOOLCHAIN_GCC_ARM/libmbed.a(crc.o)
                              mbed/TARGET_K64F/TOOLCHAIN_GCC_ARM/mbed_overrides.o (crcSlow)
./mbed/TARGET_K64F/TOOLCHAIN_GCC_ARM/libmbed.a(pwmout_api.o)
                              hal/PpmOut.o (pwmout_period_ms)
./mbed/TARGET_K64F/TOOLCHAIN_GCC_ARM/libmbed.a(serial_api.o)
                              mbed/TARGET_K64F/TOOLCHAIN_GCC_ARM/retarget.o (serial_init)
./mbed/TARGET_K64F/TOOLCHAIN_GCC_ARM/libmbed.a(FilePath.o)
                              mbed/TARGET_K64F/TOOLCHAIN_GCC_ARM/retarget.o (mbed::FilePath::FilePath(char const*))
./mbed/TARGET_K64F/TOOLCHAIN_GCC_ARM/libmbed.a(FileSystemLike.o)
                              mbed/TARGET_K64F/TOOLCHAIN_GCC_ARM/retarget.o (mbed::FileSystemLike::opendir())
./mbed/TARGET_K64F/TOOLCHAIN_GCC_ARM/libmbed.a(I2C.o)
                              main.o (mbed::I2C::I2C(PinName, PinName))
./mbed/TARGET_K64F/TOOLCHAIN_GCC_ARM/libmbed.a(Serial.o)
                              main.o (mbed::Serial::Serial(PinName, PinName, char const*))
./mbed/TARGET_K64F/TOOLCHAIN_GCC_ARM/libmbed.a(SerialBase.o)
                              ./mbed/TARGET_K64F/TOOLCHAIN_GCC_ARM/libmbed.a(Serial.o) (mbed::SerialBase::SerialBase(PinName, PinName))
./mbed/TARGET_K64F/TOOLCHAIN_GCC_ARM/libmbed.a(Stream.o)
                              ./mbed/TARGET_K64F/TOOLCHAIN_GCC_ARM/libmbed.a(Serial.o) (mbed::Stream::close())
./mbed/TARGET_K64F/TOOLCHAIN_GCC_ARM/libmbed.a(assert.o)
                              mbed/TARGET_K64F/TOOLCHAIN_GCC_ARM/board.o (mbed_assert_internal)
./mbed/TARGET_K64F/TOOLCHAIN_GCC_ARM/libmbed.a(error.o)
                              mbed/TARGET_K64F/TOOLCHAIN_GCC_ARM/retarget.o (error)
./mbed/TARGET_K64F/TOOLCHAIN_GCC_ARM/libmbed.a(gpio.o)
                              mbed/TARGET_K64F/TOOLCHAIN_GCC_ARM/mbed_overrides.o (gpio_init_in)
./mbed/TARGET_K64F/TOOLCHAIN_GCC_ARM/libmbed.a(pinmap_common.o)
                              ./mbed/TARGET_K64F/TOOLCHAIN_GCC_ARM/libmbed.a(pwmout_api.o) (pinmap_pinout)
./mbed/TARGET_K64F/TOOLCHAIN_GCC_ARM/libmbed.a(wait_api.o)
                              ./mbed/TARGET_K64F/TOOLCHAIN_GCC_ARM/libmbed.a(SerialBase.o) (wait_us)
./mbed/TARGET_K64F/TOOLCHAIN_GCC_ARM/libmbed.a(fsl_clock_manager.o)
                              ./mbed/TARGET_K64F/TOOLCHAIN_GCC_ARM/libmbed.a(pwmout_api.o) (CLOCK_SYS_GetFreq)
./mbed/TARGET_K64F/TOOLCHAIN_GCC_ARM/libmbed.a(fsl_ftm_hal.o)
                              ./mbed/TARGET_K64F/TOOLCHAIN_GCC_ARM/libmbed.a(pwmout_api.o) (FTM_HAL_EnablePwmMode)
./mbed/TARGET_K64F/TOOLCHAIN_GCC_ARM/libmbed.a(fsl_mcg_hal.o)
                              ./mbed/TARGET_K64F/TOOLCHAIN_GCC_ARM/libmbed.a(fsl_clock_manager.o) (CLOCK_HAL_GetFllRefClk)
./mbed/TARGET_K64F/TOOLCHAIN_GCC_ARM/libmbed.a(fsl_sim_hal.o)
                              ./mbed/TARGET_K64F/TOOLCHAIN_GCC_ARM/libmbed.a(fsl_clock_manager.o) (CLOCK_HAL_SetSource)
./mbed/TARGET_K64F/TOOLCHAIN_GCC_ARM/libmbed.a(fsl_uart_hal.o)
                              ./mbed/TARGET_K64F/TOOLCHAIN_GCC_ARM/libmbed.a(serial_api.o) (UART_HAL_Init)
./mbed/TARGET_K64F/TOOLCHAIN_GCC_ARM/libmbed.a(PeripheralPins.o)
                              ./mbed/TARGET_K64F/TOOLCHAIN_GCC_ARM/libmbed.a(pwmout_api.o) (PinMap_PWM)
./mbed/TARGET_K64F/TOOLCHAIN_GCC_ARM/libmbed.a(fsl_clock_K64F12.o)
                              ./mbed/TARGET_K64F/TOOLCHAIN_GCC_ARM/libmbed.a(serial_api.o) (CLOCK_SYS_GetUartFreq)
./mbed/TARGET_K64F/TOOLCHAIN_GCC_ARM/libmbed.a(fsl_sim_hal_K64F12.o)
                              ./mbed/TARGET_K64F/TOOLCHAIN_GCC_ARM/libmbed.a(pwmout_api.o) (SIM_HAL_EnableFtmClock)
./mbed/TARGET_K64F/TOOLCHAIN_GCC_ARM/libmbed.a(gpio_api.o)
                              ./mbed/TARGET_K64F/TOOLCHAIN_GCC_ARM/libmbed.a(gpio.o) (gpio_init)
./mbed/TARGET_K64F/TOOLCHAIN_GCC_ARM/libmbed.a(i2c_api.o)
                              ./mbed/TARGET_K64F/TOOLCHAIN_GCC_ARM/libmbed.a(I2C.o) (i2c_start)
./mbed/TARGET_K64F/TOOLCHAIN_GCC_ARM/libmbed.a(pinmap.o)
                              ./mbed/TARGET_K64F/TOOLCHAIN_GCC_ARM/libmbed.a(pinmap_common.o) (pin_function)
./mbed/TARGET_K64F/TOOLCHAIN_GCC_ARM/libmbed.a(us_ticker.o)
                              ./mbed/TARGET_K64F/TOOLCHAIN_GCC_ARM/libmbed.a(wait_api.o) (us_ticker_read)
./mbed/TARGET_K64F/TOOLCHAIN_GCC_ARM/libmbed.a(FileBase.o)
                              ./mbed/TARGET_K64F/TOOLCHAIN_GCC_ARM/libmbed.a(FileSystemLike.o) (mbed::FileBase::~FileBase())
./mbed/TARGET_K64F/TOOLCHAIN_GCC_ARM/libmbed.a(FileLike.o)
                              ./mbed/TARGET_K64F/TOOLCHAIN_GCC_ARM/libmbed.a(Stream.o) (mbed::FileLike::~FileLike())
./mbed/TARGET_K64F/TOOLCHAIN_GCC_ARM/libmbed.a(us_ticker_api.o)
                              ./mbed/TARGET_K64F/TOOLCHAIN_GCC_ARM/libmbed.a(us_ticker.o) (us_ticker_irq_handler)
[...]
Memory Configuration

Name             Origin             Length             Attributes
VECTORS          0x0000000000000000 0x0000000000000400 xr
FLASH_PROTECTION 0x0000000000000400 0x0000000000000010 xr
FLASH            0x0000000000000410 0x00000000000ffbf0 xr
RAM              0x000000001fff0198 0x000000000003fe68 xrw
*default*        0x0000000000000000 0xffffffffffffffff

Linker script and memory map

LOAD /usr/lib/gcc/arm-none-eabi/4.9.3/armv7e-m/softfp/crti.o
LOAD /usr/lib/gcc/arm-none-eabi/4.9.3/armv7e-m/softfp/crtbegin.o
LOAD /usr/lib/gcc/arm-none-eabi/4.9.3/../../../arm-none-eabi/lib/armv7e-m/softfp/crt0.o
LOAD main.o
LOAD hal/PpmOut.o
LOAD hal/SBus.o
LOAD hal/bno055.o
LOAD hal/mpl3115a2.o
LOAD hal/srf02.o
LOAD hal/i2cSensor.o
LOAD mbed/TARGET_K64F/TOOLCHAIN_GCC_ARM/board.o
LOAD mbed/TARGET_K64F/TOOLCHAIN_GCC_ARM/cmsis_nvic.o
LOAD mbed/TARGET_K64F/TOOLCHAIN_GCC_ARM/mbed_overrides.o
LOAD mbed/TARGET_K64F/TOOLCHAIN_GCC_ARM/retarget.o
LOAD mbed/TARGET_K64F/TOOLCHAIN_GCC_ARM/startup_MK64F12.o
LOAD mbed/TARGET_K64F/TOOLCHAIN_GCC_ARM/system_MK64F12.o
LOAD ./mbed/TARGET_K64F/TOOLCHAIN_GCC_ARM/libmbed.a
LOAD /usr/lib/gcc/arm-none-eabi/4.9.3/../../../arm-none-eabi/lib/armv7e-m/softfp/libstdc++_nano.a
LOAD /usr/lib/gcc/arm-none-eabi/4.9.3/../../../arm-none-eabi/lib/armv7e-m/softfp/libsupc++_nano.a
LOAD /usr/lib/gcc/arm-none-eabi/4.9.3/../../../arm-none-eabi/lib/armv7e-m/softfp/libm.a
LOAD /usr/lib/gcc/arm-none-eabi/4.9.3/../../../arm-none-eabi/lib/armv7e-m/softfp/libc_nano.a
LOAD /usr/lib/gcc/arm-none-eabi/4.9.3/armv7e-m/softfp/libgcc.a
LOAD /usr/lib/gcc/arm-none-eabi/4.9.3/../../../arm-none-eabi/lib/armv7e-m/softfp/libnosys.a
LOAD ./mbed/TARGET_K64F/TOOLCHAIN_GCC_ARM/libmbed.a
LOAD /usr/lib/gcc/arm-none-eabi/4.9.3/../../../arm-none-eabi/lib/armv7e-m/softfp/libstdc++_nano.a
LOAD /usr/lib/gcc/arm-none-eabi/4.9.3/../../../arm-none-eabi/lib/armv7e-m/softfp/libsupc++_nano.a
LOAD /usr/lib/gcc/arm-none-eabi/4.9.3/../../../arm-none-eabi/lib/armv7e-m/softfp/libm.a
LOAD /usr/lib/gcc/arm-none-eabi/4.9.3/../../../arm-none-eabi/lib/armv7e-m/softfp/libc_nano.a
LOAD /usr/lib/gcc/arm-none-eabi/4.9.3/armv7e-m/softfp/libgcc.a
LOAD /usr/lib/gcc/arm-none-eabi/4.9.3/../../../arm-none-eabi/lib/armv7e-m/softfp/libnosys.a
START GROUP
LOAD /usr/lib/gcc/arm-none-eabi/4.9.3/armv7e-m/softfp/libgcc.a
LOAD /usr/lib/gcc/arm-none-eabi/4.9.3/../../../arm-none-eabi/lib/armv7e-m/softfp/libc_nano.a
END GROUP
START GROUP
LOAD /usr/lib/gcc/arm-none-eabi/4.9.3/armv7e-m/softfp/libgcc.a
LOAD /usr/lib/gcc/arm-none-eabi/4.9.3/../../../arm-none-eabi/lib/armv7e-m/softfp/libc_nano.a
END GROUP
LOAD /usr/lib/gcc/arm-none-eabi/4.9.3/armv7e-m/softfp/crtend.o
LOAD /usr/lib/gcc/arm-none-eabi/4.9.3/armv7e-m/softfp/crtn.o

.isr_vector     0x0000000000000000      0x1f0
                0x0000000000000000                __vector_table = .
 *(.vector_table)
 .vector_table  0x0000000000000000      0x198 mbed/TARGET_K64F/TOOLCHAIN_GCC_ARM/startup_MK64F12.o
                0x0000000000000000                __isr_vector
 *(.text.Reset_Handler)
 .text.Reset_Handler
                0x0000000000000198       0x58 mbed/TARGET_K64F/TOOLCHAIN_GCC_ARM/startup_MK64F12.o
                0x0000000000000198                Reset_Handler
 *(.text.System_Init)
                0x00000000000001f0                . = ALIGN (0x4)

.flash_protect  0x0000000000000400       0x10
 *(.kinetis_flash_config_field)
 .kinetis_flash_config_field
                0x0000000000000400       0x10 mbed/TARGET_K64F/TOOLCHAIN_GCC_ARM/startup_MK64F12.o
                0x0000000000000410                . = ALIGN (0x4)

.text           0x0000000000000410     0xa230
 *(.text*)
 .text          0x0000000000000410       0xa4 /usr/lib/gcc/arm-none-eabi/4.9.3/armv7e-m/softfp/crtbegin.o
 .text          0x00000000000004b4       0x68 /usr/lib/gcc/arm-none-eabi/4.9.3/../../../arm-none-eabi/lib/armv7e-m/softfp/crt0.o
                0x00000000000004b4                _mainCRTStartup
                0x00000000000004b4                _start
 .text._ZN4mbed10SerialBaseD2Ev
                0x000000000000051c        0x2 main.o
                0x000000000000051c                mbed::SerialBase::~SerialBase()
                0x000000000000051c                mbed::SerialBase::~SerialBase()
 *fill*         0x000000000000051e        0x2 
 .text.gpio_write
                0x0000000000000520       0x34 main.o
 .text._ZN4mbed6SerialD2Ev
                0x0000000000000554       0x20 main.o
                0x0000000000000554                mbed::Serial::~Serial()
                0x0000000000000554                mbed::Serial::~Serial()
 .text._ZN4mbed6SerialD1Ev
                0x0000000000000574       0x10 main.o
                0x0000000000000574                non-virtual thunk to mbed::Serial::~Serial()
                0x000000000000057c                non-virtual thunk to mbed::Serial::~Serial()
 .text._ZN4SBusD2Ev
                0x0000000000000584        0xc main.o
                0x0000000000000584                SBus::~SBus()
                0x0000000000000584                SBus::~SBus()
 .text._ZN4mbed10SerialBaseD0Ev
                0x0000000000000590        0xc main.o
                0x0000000000000590                mbed::SerialBase::~SerialBase()
 .text._ZN8receiver4initEv
                0x000000000000059c       0x1c main.o
                0x000000000000059c                receiver::init()
 .text._ZN8receiver12normalizePpmEttt
                0x00000000000005b8       0x38 main.o
                0x00000000000005b8                receiver::normalizePpm(unsigned short, unsigned short, unsigned short)
 .text._ZN8receiver3getEh
                0x00000000000005f0       0x4c main.o
                0x00000000000005f0                receiver::get(unsigned char)
 .text._Z14controllerMainv
                0x000000000000063c       0xb8 main.o
                0x000000000000063c                controllerMain()
 .text.startup.main
                0x00000000000006f4        0x6 main.o
                0x00000000000006f4                main
 .text._ZN4mbed6SerialD0Ev
                0x00000000000006fa       0x1e main.o
                0x00000000000006fa                mbed::Serial::~Serial()
                0x000000000000070c                non-virtual thunk to mbed::Serial::~Serial()
                0x0000000000000712                non-virtual thunk to mbed::Serial::~Serial()
 .text.startup._GLOBAL__sub_I__ZN8receiver4sbusE
                0x0000000000000718       0xe8 main.o
 .text._ZN6PpmOutC2E7PinName
                0x0000000000000800       0x1c hal/PpmOut.o
                0x0000000000000800                PpmOut::PpmOut(PinName)
                0x0000000000000800                PpmOut::PpmOut(PinName)
 .text._ZN6PpmOut8setValueEt
                0x000000000000081c       0x12 hal/PpmOut.o
                0x000000000000081c                PpmOut::setValue(unsigned short)
 .text._ZN4mbed19FunctionPointerArg1IvvE12membercallerI4SBusEEvPvPj
                0x000000000000082e       0x18 hal/SBus.o
                0x000000000000082e                void mbed::FunctionPointerArg1<void, void>::membercaller<SBus>(void*, unsigned int*)
 .text._ZN4SBus10rxCallbackEv
                0x0000000000000846       0x82 hal/SBus.o
                0x0000000000000846                SBus::rxCallback()
 .text._ZN4SBusC2E7PinNameS0_
                0x00000000000008c8       0x5c hal/SBus.o
                0x00000000000008c8                SBus::SBus(PinName, PinName)
                0x00000000000008c8                SBus::SBus(PinName, PinName)
 .text._ZN4SBus10getChannelEh
                0x0000000000000924       0x10 hal/SBus.o
                0x0000000000000924                SBus::getChannel(unsigned char)
 .text._ZN5Srf02C2ERN4mbed3I2CEh
                0x0000000000000934        0xc hal/srf02.o
                0x0000000000000934                Srf02::Srf02(mbed::I2C&, unsigned char)
                0x0000000000000934                Srf02::Srf02(mbed::I2C&, unsigned char)
 .text._ZN5Srf0216startMeasurementEv
                0x0000000000000940       0x20 hal/srf02.o
                0x0000000000000940                Srf02::startMeasurement()
 .text._ZN5Srf027isReadyEv
                0x0000000000000960       0x34 hal/srf02.o
                0x0000000000000960                Srf02::isReady()
 .text._ZN5Srf0212readDistanceEv
                0x0000000000000994       0x36 hal/srf02.o
                0x0000000000000994                Srf02::readDistance()
 .text._ZN9I2cSensorC2ERN4mbed3I2CEh
                0x00000000000009ca        0xe hal/i2cSensor.o
                0x00000000000009ca                I2cSensor::I2cSensor(mbed::I2C&, unsigned char)
                0x00000000000009ca                I2cSensor::I2cSensor(mbed::I2C&, unsigned char)
 .text.mbed_die
                0x00000000000009d8       0x94 mbed/TARGET_K64F/TOOLCHAIN_GCC_ARM/board.o
                0x00000000000009d8                mbed_die
 .text.NVIC_SetVector
                0x0000000000000a6c       0x3c mbed/TARGET_K64F/TOOLCHAIN_GCC_ARM/cmsis_nvic.o
                0x0000000000000a6c                NVIC_SetVector
 .text.NMI_Handler
                0x0000000000000aa8       0x14 mbed/TARGET_K64F/TOOLCHAIN_GCC_ARM/mbed_overrides.o
                0x0000000000000aa8                NMI_Handler
 .text._ZN4mbed10FileHandle4flenEv
                0x0000000000000abc       0x34 mbed/TARGET_K64F/TOOLCHAIN_GCC_ARM/retarget.o
                0x0000000000000abc                mbed::FileHandle::flen()
 .text._ZN4mbed10FileHandleD2Ev
                0x0000000000000af0       0x2c mbed/TARGET_K64F/TOOLCHAIN_GCC_ARM/retarget.o
                0x0000000000000af0                mbed::FileHandle::~FileHandle()
                0x0000000000000af0                mbed::FileHandle::~FileHandle()
 .text._ZN4mbed10FileHandleD0Ev
                0x0000000000000b1c       0x34 mbed/TARGET_K64F/TOOLCHAIN_GCC_ARM/retarget.o
                0x0000000000000b1c                mbed::FileHandle::~FileHandle()
 .text._ZL11init_serialv.part.0
                0x0000000000000b50       0x14 mbed/TARGET_K64F/TOOLCHAIN_GCC_ARM/retarget.o
 .text._open    0x0000000000000b64       0xf8 mbed/TARGET_K64F/TOOLCHAIN_GCC_ARM/retarget.o
                0x0000000000000b64                _open
 .text._close   0x0000000000000c5c       0x2c mbed/TARGET_K64F/TOOLCHAIN_GCC_ARM/retarget.o
                0x0000000000000c5c                _close
 .text._write   0x0000000000000c88       0x50 mbed/TARGET_K64F/TOOLCHAIN_GCC_ARM/retarget.o
                0x0000000000000c88                _write
 .text._read    0x0000000000000cd8       0x4c mbed/TARGET_K64F/TOOLCHAIN_GCC_ARM/retarget.o
                0x0000000000000cd8                _read
 .text._isatty  0x0000000000000d24       0x28 mbed/TARGET_K64F/TOOLCHAIN_GCC_ARM/retarget.o
                0x0000000000000d24                _isatty
 .text._lseek   0x0000000000000d4c       0x28 mbed/TARGET_K64F/TOOLCHAIN_GCC_ARM/retarget.o
                0x0000000000000d4c                _lseek
 .text._fstat   0x0000000000000d74       0x20 mbed/TARGET_K64F/TOOLCHAIN_GCC_ARM/retarget.o
                0x0000000000000d74                _fstat
 .text.__cxa_pure_virtual
                0x0000000000000d94        0x8 mbed/TARGET_K64F/TOOLCHAIN_GCC_ARM/retarget.o
                0x0000000000000d94                __cxa_pure_virtual
 .text.mbed_main
                0x0000000000000d9c        0x4 mbed/TARGET_K64F/TOOLCHAIN_GCC_ARM/retarget.o
                0x0000000000000d9c                mbed_main
 .text.mbed_sdk_init
                0x0000000000000da0        0x4 mbed/TARGET_K64F/TOOLCHAIN_GCC_ARM/retarget.o
                0x0000000000000da0                mbed_sdk_init
 .text.__wrap_main
                0x0000000000000da4       0x14 mbed/TARGET_K64F/TOOLCHAIN_GCC_ARM/retarget.o
                0x0000000000000da4                __wrap_main
 .text._sbrk    0x0000000000000db8       0x28 mbed/TARGET_K64F/TOOLCHAIN_GCC_ARM/retarget.o
                0x0000000000000db8                _sbrk
 .text._exit    0x0000000000000de0       0x24 mbed/TARGET_K64F/TOOLCHAIN_GCC_ARM/retarget.o
                0x0000000000000de0                _exit
 .text._ZN4mbed26mbed_set_unbuffered_streamEP7__sFILE
                0x0000000000000e04        0x8 mbed/TARGET_K64F/TOOLCHAIN_GCC_ARM/retarget.o
                0x0000000000000e04                mbed::mbed_set_unbuffered_stream(__sFILE*)
 .text._ZN4mbed9mbed_getcEP7__sFILE
                0x0000000000000e0c        0x4 mbed/TARGET_K64F/TOOLCHAIN_GCC_ARM/retarget.o
                0x0000000000000e0c                mbed::mbed_getc(__sFILE*)
 .text          0x0000000000000e10       0x14 mbed/TARGET_K64F/TOOLCHAIN_GCC_ARM/startup_MK64F12.o
                0x0000000000000e12                HardFault_Handler
                0x0000000000000e14                MemManage_Handler
                0x0000000000000e16                BusFault_Handler
                0x0000000000000e18                UsageFault_Handler
                0x0000000000000e1a                SVC_Handler
                0x0000000000000e1c                DebugMon_Handler
                0x0000000000000e1e                PendSV_Handler
                0x0000000000000e20                SysTick_Handler
                0x0000000000000e22                CAN0_Rx_Warning_IRQHandler
                0x0000000000000e22                I2C0_IRQHandler
                0x0000000000000e22                UART3_RX_TX_IRQHandler
                0x0000000000000e22                UART0_RX_TX_IRQHandler
                0x0000000000000e22                I2C1_IRQHandler
                0x0000000000000e22                DMA2_IRQHandler
                0x0000000000000e22                ENET_Error_IRQHandler
                0x0000000000000e22                CAN0_Tx_Warning_IRQHandler
                0x0000000000000e22                PIT0_IRQHandler
                0x0000000000000e22                CAN0_ORed_Message_buffer_IRQHandler
                0x0000000000000e22                Watchdog_IRQHandler
                0x0000000000000e22                CMP2_IRQHandler
                0x0000000000000e22                ENET_Receive_IRQHandler
                0x0000000000000e22                ENET_1588_Timer_IRQHandler
                0x0000000000000e22                UART2_RX_TX_IRQHandler
                0x0000000000000e22                SWI_IRQHandler
                0x0000000000000e22                ADC0_IRQHandler
                0x0000000000000e22                I2S0_Tx_IRQHandler
                0x0000000000000e22                CMT_IRQHandler
                0x0000000000000e22                UART4_RX_TX_IRQHandler
                0x0000000000000e22                SPI1_IRQHandler
                0x0000000000000e22                DefaultISR
                0x0000000000000e22                DMA9_IRQHandler
                0x0000000000000e22                DMA14_IRQHandler
                0x0000000000000e22                CMP1_IRQHandler
                0x0000000000000e22                Reserved71_IRQHandler
                0x0000000000000e22                PORTD_IRQHandler
                0x0000000000000e22                PORTB_IRQHandler
                0x0000000000000e22                UART4_ERR_IRQHandler
                0x0000000000000e22                ADC1_IRQHandler
                0x0000000000000e22                I2C2_IRQHandler
                0x0000000000000e22                PIT2_IRQHandler
                0x0000000000000e22                I2S0_Rx_IRQHandler
                0x0000000000000e22                LPTimer_IRQHandler
                0x0000000000000e22                DMA5_IRQHandler
                0x0000000000000e22                RTC_IRQHandler
                0x0000000000000e22                PDB0_IRQHandler
                0x0000000000000e22                FTM1_IRQHandler
                0x0000000000000e22                UART5_RX_TX_IRQHandler
                0x0000000000000e22                UART3_ERR_IRQHandler
                0x0000000000000e22                PIT3_IRQHandler
                0x0000000000000e22                SDHC_IRQHandler
                0x0000000000000e22                RTC_Seconds_IRQHandler
                0x0000000000000e22                MCG_IRQHandler
                0x0000000000000e22                FTFE_IRQHandler
                0x0000000000000e22                UART2_ERR_IRQHandler
                0x0000000000000e22                DMA11_IRQHandler
                0x0000000000000e22                UART5_ERR_IRQHandler
                0x0000000000000e22                Read_Collision_IRQHandler
                0x0000000000000e22                Default_Handler
                0x0000000000000e22                DMA7_IRQHandler
                0x0000000000000e22                ENET_Transmit_IRQHandler
                0x0000000000000e22                USBDCD_IRQHandler
                0x0000000000000e22                USB0_IRQHandler
                0x0000000000000e22                LLW_IRQHandler
                0x0000000000000e22                SPI2_IRQHandler
                0x0000000000000e22                DMA13_IRQHandler
                0x0000000000000e22                DMA3_IRQHandler
                0x0000000000000e22                UART0_LON_IRQHandler
                0x0000000000000e22                RNG_IRQHandler
                0x0000000000000e22                DMA0_IRQHandler
                0x0000000000000e22                DMA15_IRQHandler
                0x0000000000000e22                DAC0_IRQHandler
                0x0000000000000e22                CAN0_Error_IRQHandler
                0x0000000000000e22                DMA4_IRQHandler
                0x0000000000000e22                PIT1_IRQHandler
                0x0000000000000e22                UART0_ERR_IRQHandler
                0x0000000000000e22                DMA_Error_IRQHandler
                0x0000000000000e22                LVD_LVW_IRQHandler
                0x0000000000000e22                SPI0_IRQHandler
                0x0000000000000e22                FTM0_IRQHandler
                0x0000000000000e22                PORTA_IRQHandler
                0x0000000000000e22                DAC1_IRQHandler
                0x0000000000000e22                MCM_IRQHandler
                0x0000000000000e22                DMA12_IRQHandler
                0x0000000000000e22                CAN0_Bus_Off_IRQHandler
                0x0000000000000e22                FTM3_IRQHandler
                0x0000000000000e22                PORTE_IRQHandler
                0x0000000000000e22                FTM2_IRQHandler
                0x0000000000000e22                DMA8_IRQHandler
                0x0000000000000e22                DMA10_IRQHandler
                0x0000000000000e22                CAN0_Wake_Up_IRQHandler
                0x0000000000000e22                UART1_ERR_IRQHandler
                0x0000000000000e22                UART1_RX_TX_IRQHandler
                0x0000000000000e22                CMP0_IRQHandler
                0x0000000000000e22                PORTC_IRQHandler
                0x0000000000000e22                DMA6_IRQHandler
                0x0000000000000e22                DMA1_IRQHandler
 .text.SystemInit
                0x0000000000000e24      0x154 mbed/TARGET_K64F/TOOLCHAIN_GCC_ARM/system_MK64F12.o
                0x0000000000000e24                SystemInit
 .text.GPIO_HAL_SetPinDir
                0x0000000000000f78       0x3c ./mbed/TARGET_K64F/TOOLCHAIN_GCC_ARM/libmbed.a(fsl_gpio_hal.o)
                0x0000000000000f78                GPIO_HAL_SetPinDir
 .text.GPIO_HAL_WritePinOutput
                0x0000000000000fb4       0x30 ./mbed/TARGET_K64F/TOOLCHAIN_GCC_ARM/libmbed.a(fsl_gpio_hal.o)
                0x0000000000000fb4                GPIO_HAL_WritePinOutput
 .text.unlikely.FTM_HAL_SetChnCountVal.part.0
                0x0000000000000fe4       0x1c ./mbed/TARGET_K64F/TOOLCHAIN_GCC_ARM/libmbed.a(pwmout_api.o)
 .text.pwmout_write
                0x0000000000001000       0x9c ./mbed/TARGET_K64F/TOOLCHAIN_GCC_ARM/libmbed.a(pwmout_api.o)
                0x0000000000001000                pwmout_write
 .text.pwmout_read
                0x000000000000109c       0x88 ./mbed/TARGET_K64F/TOOLCHAIN_GCC_ARM/libmbed.a(pwmout_api.o)
                0x000000000000109c                pwmout_read
 .text.pwmout_period_us
                0x0000000000001124       0x78 ./mbed/TARGET_K64F/TOOLCHAIN_GCC_ARM/libmbed.a(pwmout_api.o)
                0x0000000000001124                pwmout_period_us
 .text.pwmout_period_ms
                0x000000000000119c        0xc ./mbed/TARGET_K64F/TOOLCHAIN_GCC_ARM/libmbed.a(pwmout_api.o)
                0x000000000000119c                pwmout_period_ms
 .text.pwmout_init
                0x00000000000011a8      0x1ac ./mbed/TARGET_K64F/TOOLCHAIN_GCC_ARM/libmbed.a(pwmout_api.o)
                0x00000000000011a8                pwmout_init
 .text.pwmout_pulsewidth_us
                0x0000000000001354       0x58 ./mbed/TARGET_K64F/TOOLCHAIN_GCC_ARM/libmbed.a(pwmout_api.o)
                0x0000000000001354                pwmout_pulsewidth_us
 .text.uart0_irq
                0x00000000000013ac       0x68 ./mbed/TARGET_K64F/TOOLCHAIN_GCC_ARM/libmbed.a(serial_api.o)
                0x00000000000013ac                uart0_irq
 .text.uart2_irq
                0x0000000000001414       0x44 ./mbed/TARGET_K64F/TOOLCHAIN_GCC_ARM/libmbed.a(serial_api.o)
                0x0000000000001414                uart2_irq
 .text.uart1_irq
                0x0000000000001458       0x44 ./mbed/TARGET_K64F/TOOLCHAIN_GCC_ARM/libmbed.a(serial_api.o)
                0x0000000000001458                uart1_irq
 .text.uart4_irq
                0x000000000000149c       0x44 ./mbed/TARGET_K64F/TOOLCHAIN_GCC_ARM/libmbed.a(serial_api.o)
                0x000000000000149c                uart4_irq
 .text.uart3_irq
                0x00000000000014e0       0x44 ./mbed/TARGET_K64F/TOOLCHAIN_GCC_ARM/libmbed.a(serial_api.o)
                0x00000000000014e0                uart3_irq
 .text.serial_init
                0x0000000000001524      0x190 ./mbed/TARGET_K64F/TOOLCHAIN_GCC_ARM/libmbed.a(serial_api.o)
                0x0000000000001524                serial_init
 .text.serial_baud
                0x00000000000016b4       0x40 ./mbed/TARGET_K64F/TOOLCHAIN_GCC_ARM/libmbed.a(serial_api.o)
                0x00000000000016b4                serial_baud
 .text.serial_format
                0x00000000000016f4       0x74 ./mbed/TARGET_K64F/TOOLCHAIN_GCC_ARM/libmbed.a(serial_api.o)
                0x00000000000016f4                serial_format
 .text.serial_irq_handler
                0x0000000000001768       0x1c ./mbed/TARGET_K64F/TOOLCHAIN_GCC_ARM/libmbed.a(serial_api.o)
                0x0000000000001768                serial_irq_handler
 .text.serial_irq_set
                0x0000000000001784      0x180 ./mbed/TARGET_K64F/TOOLCHAIN_GCC_ARM/libmbed.a(serial_api.o)
                0x0000000000001784                serial_irq_set
 .text.serial_readable
                0x0000000000001904       0x60 ./mbed/TARGET_K64F/TOOLCHAIN_GCC_ARM/libmbed.a(serial_api.o)
                0x0000000000001904                serial_readable
 .text.serial_getc
                0x0000000000001964       0x40 ./mbed/TARGET_K64F/TOOLCHAIN_GCC_ARM/libmbed.a(serial_api.o)
                0x0000000000001964                serial_getc
 .text.serial_writable
                0x00000000000019a4       0x60 ./mbed/TARGET_K64F/TOOLCHAIN_GCC_ARM/libmbed.a(serial_api.o)
                0x00000000000019a4                serial_writable
 .text.serial_putc
                0x0000000000001a04       0x40 ./mbed/TARGET_K64F/TOOLCHAIN_GCC_ARM/libmbed.a(serial_api.o)
                0x0000000000001a04                serial_putc
 .text._ZN4mbed8FilePathC2EPKc
                0x0000000000001a44       0x58 ./mbed/TARGET_K64F/TOOLCHAIN_GCC_ARM/libmbed.a(FilePath.o)
                0x0000000000001a44                mbed::FilePath::FilePath(char const*)
                0x0000000000001a44                mbed::FilePath::FilePath(char const*)
 .text._ZN4mbed8FilePath8fileNameEv
                0x0000000000001a9c        0x4 ./mbed/TARGET_K64F/TOOLCHAIN_GCC_ARM/libmbed.a(FilePath.o)
                0x0000000000001a9c                mbed::FilePath::fileName()
 .text._ZN4mbed8FilePath10fileSystemEv
                0x0000000000001aa0       0x18 ./mbed/TARGET_K64F/TOOLCHAIN_GCC_ARM/libmbed.a(FilePath.o)
                0x0000000000001aa0                mbed::FilePath::fileSystem()
 .text._ZN4mbed8FilePath6isFileEv
                0x0000000000001ab8       0x14 ./mbed/TARGET_K64F/TOOLCHAIN_GCC_ARM/libmbed.a(FilePath.o)
                0x0000000000001ab8                mbed::FilePath::isFile()
 .text._ZN4mbed8FilePath4fileEv
                0x0000000000001acc       0x1c ./mbed/TARGET_K64F/TOOLCHAIN_GCC_ARM/libmbed.a(FilePath.o)
                0x0000000000001acc                mbed::FilePath::file()
 .text._ZN4mbed8FilePath6existsEv
                0x0000000000001ae8        0xc ./mbed/TARGET_K64F/TOOLCHAIN_GCC_ARM/libmbed.a(FilePath.o)
                0x0000000000001ae8                mbed::FilePath::exists()
 .text._ZN4mbed3I2CC2E7PinNameS1_
                0x0000000000001af4       0x20 ./mbed/TARGET_K64F/TOOLCHAIN_GCC_ARM/libmbed.a(I2C.o)
                0x0000000000001af4                mbed::I2C::I2C(PinName, PinName)
                0x0000000000001af4                mbed::I2C::I2C(PinName, PinName)
 .text._ZN4mbed3I2C6aquireEv
                0x0000000000001b14       0x1c ./mbed/TARGET_K64F/TOOLCHAIN_GCC_ARM/libmbed.a(I2C.o)
                0x0000000000001b14                mbed::I2C::aquire()
 .text._ZN4mbed3I2C5writeEiPKcib
                0x0000000000001b30       0x34 ./mbed/TARGET_K64F/TOOLCHAIN_GCC_ARM/libmbed.a(I2C.o)
                0x0000000000001b30                mbed::I2C::write(int, char const*, int, bool)
 .text._ZN4mbed3I2C4readEiPcib
                0x0000000000001b64       0x34 ./mbed/TARGET_K64F/TOOLCHAIN_GCC_ARM/libmbed.a(I2C.o)
                0x0000000000001b64                mbed::I2C::read(int, char*, int, bool)
 .text._ZN4mbed6Serial5_getcEv
                0x0000000000001b98        0x4 ./mbed/TARGET_K64F/TOOLCHAIN_GCC_ARM/libmbed.a(Serial.o)
                0x0000000000001b98                mbed::Serial::_getc()
 .text._ZThn60_N4mbed6Serial5_getcEv
                0x0000000000001b9c        0x8 ./mbed/TARGET_K64F/TOOLCHAIN_GCC_ARM/libmbed.a(Serial.o)
                0x0000000000001b9c                non-virtual thunk to mbed::Serial::_getc()
 .text._ZN4mbed6Serial5_putcEi
                0x0000000000001ba4        0x4 ./mbed/TARGET_K64F/TOOLCHAIN_GCC_ARM/libmbed.a(Serial.o)
                0x0000000000001ba4                mbed::Serial::_putc(int)
 .text._ZThn60_N4mbed6Serial5_putcEi
                0x0000000000001ba8        0x8 ./mbed/TARGET_K64F/TOOLCHAIN_GCC_ARM/libmbed.a(Serial.o)
                0x0000000000001ba8                non-virtual thunk to mbed::Serial::_putc(int)
 .text._ZN4mbed6SerialC2E7PinNameS1_PKc
                0x0000000000001bb0       0x30 ./mbed/TARGET_K64F/TOOLCHAIN_GCC_ARM/libmbed.a(Serial.o)
                0x0000000000001bb0                mbed::Serial::Serial(PinName, PinName, char const*)
                0x0000000000001bb0                mbed::Serial::Serial(PinName, PinName, char const*)
 .text._ZN4mbed10SerialBase12_irq_handlerEm9SerialIrq
                0x0000000000001be0       0x24 ./mbed/TARGET_K64F/TOOLCHAIN_GCC_ARM/libmbed.a(SerialBase.o)
                0x0000000000001be0                mbed::SerialBase::_irq_handler(unsigned long, SerialIrq)
 .text._ZN4mbed10SerialBaseC2E7PinNameS1_
                0x0000000000001c04       0x38 ./mbed/TARGET_K64F/TOOLCHAIN_GCC_ARM/libmbed.a(SerialBase.o)
                0x0000000000001c04                mbed::SerialBase::SerialBase(PinName, PinName)
                0x0000000000001c04                mbed::SerialBase::SerialBase(PinName, PinName)
 .text._ZN4mbed10SerialBase4baudEi
                0x0000000000001c3c       0x10 ./mbed/TARGET_K64F/TOOLCHAIN_GCC_ARM/libmbed.a(SerialBase.o)
                0x0000000000001c3c                mbed::SerialBase::baud(int)
 .text._ZN4mbed10SerialBase6formatEiNS0_6ParityEi
                0x0000000000001c4c        0x8 ./mbed/TARGET_K64F/TOOLCHAIN_GCC_ARM/libmbed.a(SerialBase.o)
                0x0000000000001c4c                mbed::SerialBase::format(int, mbed::SerialBase::Parity, int)
 .text._ZN4mbed10SerialBase10_base_getcEv
                0x0000000000001c54        0x8 ./mbed/TARGET_K64F/TOOLCHAIN_GCC_ARM/libmbed.a(SerialBase.o)
                0x0000000000001c54                mbed::SerialBase::_base_getc()
 .text._ZN4mbed10SerialBase10_base_putcEi
                0x0000000000001c5c       0x10 ./mbed/TARGET_K64F/TOOLCHAIN_GCC_ARM/libmbed.a(SerialBase.o)
                0x0000000000001c5c                mbed::SerialBase::_base_putc(int)
 .text._ZN4mbed6Stream5closeEv
                0x0000000000001c6c        0x4 ./mbed/TARGET_K64F/TOOLCHAIN_GCC_ARM/libmbed.a(Stream.o)
                0x0000000000001c6c                mbed::Stream::close()
 .text._ZN4mbed6Stream5writeEPKvj
                0x0000000000001c70       0x30 ./mbed/TARGET_K64F/TOOLCHAIN_GCC_ARM/libmbed.a(Stream.o)
                0x0000000000001c70                mbed::Stream::write(void const*, unsigned int)
 .text._ZN4mbed6Stream4readEPvj
                0x0000000000001ca0       0x30 ./mbed/TARGET_K64F/TOOLCHAIN_GCC_ARM/libmbed.a(Stream.o)
                0x0000000000001ca0                mbed::Stream::read(void*, unsigned int)
 .text._ZN4mbed6Stream5lseekEli
                0x0000000000001cd0        0x4 ./mbed/TARGET_K64F/TOOLCHAIN_GCC_ARM/libmbed.a(Stream.o)
                0x0000000000001cd0                mbed::Stream::lseek(long, int)
 .text._ZN4mbed6Stream6isattyEv
                0x0000000000001cd4        0x4 ./mbed/TARGET_K64F/TOOLCHAIN_GCC_ARM/libmbed.a(Stream.o)
                0x0000000000001cd4                mbed::Stream::isatty()
 .text._ZN4mbed6Stream5fsyncEv
                0x0000000000001cd8        0x4 ./mbed/TARGET_K64F/TOOLCHAIN_GCC_ARM/libmbed.a(Stream.o)
                0x0000000000001cd8                mbed::Stream::fsync()
 .text._ZN4mbed6Stream4flenEv
                0x0000000000001cdc        0x4 ./mbed/TARGET_K64F/TOOLCHAIN_GCC_ARM/libmbed.a(Stream.o)
                0x0000000000001cdc                mbed::Stream::flen()
 .text._ZN4mbed6StreamD2Ev
                0x0000000000001ce0       0x24 ./mbed/TARGET_K64F/TOOLCHAIN_GCC_ARM/libmbed.a(Stream.o)
                0x0000000000001ce0                mbed::Stream::~Stream()
                0x0000000000001ce0                mbed::Stream::~Stream()
 .text._ZThn4_N4mbed6StreamD1Ev
                0x0000000000001d04        0x8 ./mbed/TARGET_K64F/TOOLCHAIN_GCC_ARM/libmbed.a(Stream.o)
                0x0000000000001d04                non-virtual thunk to mbed::Stream::~Stream()
 .text._ZN4mbed6StreamD0Ev
                0x0000000000001d0c       0x14 ./mbed/TARGET_K64F/TOOLCHAIN_GCC_ARM/libmbed.a(Stream.o)
                0x0000000000001d0c                mbed::Stream::~Stream()
 .text._ZThn4_N4mbed6StreamD0Ev
                0x0000000000001d20        0x8 ./mbed/TARGET_K64F/TOOLCHAIN_GCC_ARM/libmbed.a(Stream.o)
                0x0000000000001d20                non-virtual thunk to mbed::Stream::~Stream()
 .text._ZN4mbed6StreamC2EPKc
                0x0000000000001d28       0x44 ./mbed/TARGET_K64F/TOOLCHAIN_GCC_ARM/libmbed.a(Stream.o)
                0x0000000000001d28                mbed::Stream::Stream(char const*)
                0x0000000000001d28                mbed::Stream::Stream(char const*)
 .text._ZN4mbed6Stream4getcEv
                0x0000000000001d6c       0x14 ./mbed/TARGET_K64F/TOOLCHAIN_GCC_ARM/libmbed.a(Stream.o)
                0x0000000000001d6c                mbed::Stream::getc()
 .text.mbed_assert_internal
                0x0000000000001d80       0x18 ./mbed/TARGET_K64F/TOOLCHAIN_GCC_ARM/libmbed.a(assert.o)
                0x0000000000001d80                mbed_assert_internal
 .text.error    0x0000000000001d98       0x24 ./mbed/TARGET_K64F/TOOLCHAIN_GCC_ARM/libmbed.a(error.o)
                0x0000000000001d98                error
 .text.gpio_init_in
                0x0000000000001dbc       0x24 ./mbed/TARGET_K64F/TOOLCHAIN_GCC_ARM/libmbed.a(gpio.o)
                0x0000000000001dbc                gpio_init_in
 .text.gpio_init_out
                0x0000000000001de0       0x6c ./mbed/TARGET_K64F/TOOLCHAIN_GCC_ARM/libmbed.a(gpio.o)
                0x0000000000001de0                gpio_init_out
 .text.pinmap_pinout
                0x0000000000001e4c       0x40 ./mbed/TARGET_K64F/TOOLCHAIN_GCC_ARM/libmbed.a(pinmap_common.o)
                0x0000000000001e4c                pinmap_pinout
 .text.pinmap_merge
                0x0000000000001e8c       0x24 ./mbed/TARGET_K64F/TOOLCHAIN_GCC_ARM/libmbed.a(pinmap_common.o)
                0x0000000000001e8c                pinmap_merge
 .text.pinmap_peripheral
                0x0000000000001eb0       0x34 ./mbed/TARGET_K64F/TOOLCHAIN_GCC_ARM/libmbed.a(pinmap_common.o)
                0x0000000000001eb0                pinmap_peripheral
 .text.wait_us  0x0000000000001ee4       0x18 ./mbed/TARGET_K64F/TOOLCHAIN_GCC_ARM/libmbed.a(wait_api.o)
                0x0000000000001ee4                wait_us
 .text.wait_ms  0x0000000000001efc        0xc ./mbed/TARGET_K64F/TOOLCHAIN_GCC_ARM/libmbed.a(wait_api.o)
                0x0000000000001efc                wait_ms
 .text.CLOCK_SYS_GetFreq
                0x0000000000001f08       0xb4 ./mbed/TARGET_K64F/TOOLCHAIN_GCC_ARM/libmbed.a(fsl_clock_manager.o)
                0x0000000000001f08                CLOCK_SYS_GetFreq
 .text.CLOCK_SYS_GetSysClkFreq
                0x0000000000001fbc       0x58 ./mbed/TARGET_K64F/TOOLCHAIN_GCC_ARM/libmbed.a(fsl_clock_manager.o)
                0x0000000000001fbc                CLOCK_SYS_GetSysClkFreq
 .text.FTM_HAL_EnablePwmMode
                0x0000000000002014      0x130 ./mbed/TARGET_K64F/TOOLCHAIN_GCC_ARM/libmbed.a(fsl_ftm_hal.o)
                0x0000000000002014                FTM_HAL_EnablePwmMode
 .text.CLOCK_HAL_GetFllRefClk
                0x0000000000002144       0x68 ./mbed/TARGET_K64F/TOOLCHAIN_GCC_ARM/libmbed.a(fsl_mcg_hal.o)
                0x0000000000002144                CLOCK_HAL_GetFllRefClk
 .text.CLOCK_HAL_GetFllClk
                0x00000000000021ac       0x90 ./mbed/TARGET_K64F/TOOLCHAIN_GCC_ARM/libmbed.a(fsl_mcg_hal.o)
                0x00000000000021ac                CLOCK_HAL_GetFllClk
 .text.CLOCK_HAL_GetPll0Clk
                0x000000000000223c       0x40 ./mbed/TARGET_K64F/TOOLCHAIN_GCC_ARM/libmbed.a(fsl_mcg_hal.o)
                0x000000000000223c                CLOCK_HAL_GetPll0Clk
 .text.CLOCK_HAL_GetInternalRefClk
                0x000000000000227c       0x24 ./mbed/TARGET_K64F/TOOLCHAIN_GCC_ARM/libmbed.a(fsl_mcg_hal.o)
                0x000000000000227c                CLOCK_HAL_GetInternalRefClk
 .text.CLOCK_HAL_GetOutClk
                0x00000000000022a0       0x74 ./mbed/TARGET_K64F/TOOLCHAIN_GCC_ARM/libmbed.a(fsl_mcg_hal.o)
                0x00000000000022a0                CLOCK_HAL_GetOutClk
 .text.CLOCK_HAL_GetDivider
                0x0000000000002314       0xb8 ./mbed/TARGET_K64F/TOOLCHAIN_GCC_ARM/libmbed.a(fsl_sim_hal.o)
                0x0000000000002314                CLOCK_HAL_GetDivider
 .text.UART_HAL_Init
                0x00000000000023cc       0x34 ./mbed/TARGET_K64F/TOOLCHAIN_GCC_ARM/libmbed.a(fsl_uart_hal.o)
                0x00000000000023cc                UART_HAL_Init
 .text.UART_HAL_SetBaudRate
                0x0000000000002400       0x48 ./mbed/TARGET_K64F/TOOLCHAIN_GCC_ARM/libmbed.a(fsl_uart_hal.o)
                0x0000000000002400                UART_HAL_SetBaudRate
 .text.UART_HAL_Putchar
                0x0000000000002448        0x8 ./mbed/TARGET_K64F/TOOLCHAIN_GCC_ARM/libmbed.a(fsl_uart_hal.o)
                0x0000000000002448                UART_HAL_Putchar
 .text.UART_HAL_Getchar
                0x0000000000002450        0x8 ./mbed/TARGET_K64F/TOOLCHAIN_GCC_ARM/libmbed.a(fsl_uart_hal.o)
                0x0000000000002450                UART_HAL_Getchar
 .text.UART_HAL_GetStatusFlag
                0x0000000000002458       0x44 ./mbed/TARGET_K64F/TOOLCHAIN_GCC_ARM/libmbed.a(fsl_uart_hal.o)
                0x0000000000002458                UART_HAL_GetStatusFlag
 .text.UART_HAL_ClearStatusFlag
                0x000000000000249c       0x74 ./mbed/TARGET_K64F/TOOLCHAIN_GCC_ARM/libmbed.a(fsl_uart_hal.o)
                0x000000000000249c                UART_HAL_ClearStatusFlag
 .text.UART_HAL_FlushTxFifo
                0x0000000000002510       0x1c ./mbed/TARGET_K64F/TOOLCHAIN_GCC_ARM/libmbed.a(fsl_uart_hal.o)
                0x0000000000002510                UART_HAL_FlushTxFifo
 .text.CLOCK_SYS_GetUartFreq
                0x000000000000252c       0x3c ./mbed/TARGET_K64F/TOOLCHAIN_GCC_ARM/libmbed.a(fsl_clock_K64F12.o)
                0x000000000000252c                CLOCK_SYS_GetUartFreq
 .text.SIM_HAL_EnablePortClock
                0x0000000000002568       0x50 ./mbed/TARGET_K64F/TOOLCHAIN_GCC_ARM/libmbed.a(fsl_sim_hal_K64F12.o)
                0x0000000000002568                SIM_HAL_EnablePortClock
 .text.SIM_HAL_EnableFtmClock
                0x00000000000025b8       0x48 ./mbed/TARGET_K64F/TOOLCHAIN_GCC_ARM/libmbed.a(fsl_sim_hal_K64F12.o)
                0x00000000000025b8                SIM_HAL_EnableFtmClock
 .text.SIM_HAL_EnablePitClock
                0x0000000000002600       0x10 ./mbed/TARGET_K64F/TOOLCHAIN_GCC_ARM/libmbed.a(fsl_sim_hal_K64F12.o)
                0x0000000000002600                SIM_HAL_EnablePitClock
 .text.SIM_HAL_EnableI2cClock
                0x0000000000002610       0x38 ./mbed/TARGET_K64F/TOOLCHAIN_GCC_ARM/libmbed.a(fsl_sim_hal_K64F12.o)
                0x0000000000002610                SIM_HAL_EnableI2cClock
 .text.SIM_HAL_EnableUartClock
                0x0000000000002648       0x60 ./mbed/TARGET_K64F/TOOLCHAIN_GCC_ARM/libmbed.a(fsl_sim_hal_K64F12.o)
                0x0000000000002648                SIM_HAL_EnableUartClock
 .text.gpio_init
                0x00000000000026a8       0x70 ./mbed/TARGET_K64F/TOOLCHAIN_GCC_ARM/libmbed.a(gpio_api.o)
                0x00000000000026a8                gpio_init
 .text.gpio_mode
                0x0000000000002718        0x8 ./mbed/TARGET_K64F/TOOLCHAIN_GCC_ARM/libmbed.a(gpio_api.o)
                0x0000000000002718                gpio_mode
 .text.gpio_dir
                0x0000000000002720       0x58 ./mbed/TARGET_K64F/TOOLCHAIN_GCC_ARM/libmbed.a(gpio_api.o)
                0x0000000000002720                gpio_dir
 .text.timeout_status_poll
                0x0000000000002778       0x48 ./mbed/TARGET_K64F/TOOLCHAIN_GCC_ARM/libmbed.a(i2c_api.o)
 .text.i2c_do_write
                0x00000000000027c0       0x74 ./mbed/TARGET_K64F/TOOLCHAIN_GCC_ARM/libmbed.a(i2c_api.o)
 .text.i2c_wait_end_rx_transfer
                0x0000000000002834       0x44 ./mbed/TARGET_K64F/TOOLCHAIN_GCC_ARM/libmbed.a(i2c_api.o)
 .text.i2c_do_read
                0x0000000000002878       0x64 ./mbed/TARGET_K64F/TOOLCHAIN_GCC_ARM/libmbed.a(i2c_api.o)
 .text.unlikely.PORT_HAL_SetOpenDrainCmd.part.1
                0x00000000000028dc       0x1c ./mbed/TARGET_K64F/TOOLCHAIN_GCC_ARM/libmbed.a(i2c_api.o)
 .text.i2c_start
                0x00000000000028f8       0x2c ./mbed/TARGET_K64F/TOOLCHAIN_GCC_ARM/libmbed.a(i2c_api.o)
                0x00000000000028f8                i2c_start
 .text.i2c_stop
                0x0000000000002924       0x78 ./mbed/TARGET_K64F/TOOLCHAIN_GCC_ARM/libmbed.a(i2c_api.o)
                0x0000000000002924                i2c_stop
 .text.i2c_frequency
                0x000000000000299c       0x4c ./mbed/TARGET_K64F/TOOLCHAIN_GCC_ARM/libmbed.a(i2c_api.o)
                0x000000000000299c                i2c_frequency
 .text.i2c_init
                0x00000000000029e8      0x11c ./mbed/TARGET_K64F/TOOLCHAIN_GCC_ARM/libmbed.a(i2c_api.o)
                0x00000000000029e8                i2c_init
 .text.i2c_read
                0x0000000000002b04       0xd4 ./mbed/TARGET_K64F/TOOLCHAIN_GCC_ARM/libmbed.a(i2c_api.o)
                0x0000000000002b04                i2c_read
 .text.i2c_write
                0x0000000000002bd8       0x6c ./mbed/TARGET_K64F/TOOLCHAIN_GCC_ARM/libmbed.a(i2c_api.o)
                0x0000000000002bd8                i2c_write
 .text.unlikely.PORT_HAL_SetPullCmd.part.0
                0x0000000000002c44       0x1c ./mbed/TARGET_K64F/TOOLCHAIN_GCC_ARM/libmbed.a(pinmap.o)
 .text.pin_function
                0x0000000000002c60       0x90 ./mbed/TARGET_K64F/TOOLCHAIN_GCC_ARM/libmbed.a(pinmap.o)
                0x0000000000002c60                pin_function
 .text.pin_mode
                0x0000000000002cf0       0xac ./mbed/TARGET_K64F/TOOLCHAIN_GCC_ARM/libmbed.a(pinmap.o)
                0x0000000000002cf0                pin_mode
 .text.us_ticker_init
                0x0000000000002d9c       0xbc ./mbed/TARGET_K64F/TOOLCHAIN_GCC_ARM/libmbed.a(us_ticker.o)
                0x0000000000002d9c                us_ticker_init
 .text.us_ticker_read
                0x0000000000002e58       0x1c ./mbed/TARGET_K64F/TOOLCHAIN_GCC_ARM/libmbed.a(us_ticker.o)
                0x0000000000002e58                us_ticker_read
 .text.us_ticker_disable_interrupt
                0x0000000000002e74        0xc ./mbed/TARGET_K64F/TOOLCHAIN_GCC_ARM/libmbed.a(us_ticker.o)
                0x0000000000002e74                us_ticker_disable_interrupt
 .text.us_ticker_clear_interrupt
                0x0000000000002e80        0xc ./mbed/TARGET_K64F/TOOLCHAIN_GCC_ARM/libmbed.a(us_ticker.o)
                0x0000000000002e80                us_ticker_clear_interrupt
 .text.us_ticker_set_interrupt
                0x0000000000002e8c       0x40 ./mbed/TARGET_K64F/TOOLCHAIN_GCC_ARM/libmbed.a(us_ticker.o)
                0x0000000000002e8c                us_ticker_set_interrupt
 .text._ZN4mbed8FileBaseD2Ev
                0x0000000000002ecc       0x30 ./mbed/TARGET_K64F/TOOLCHAIN_GCC_ARM/libmbed.a(FileBase.o)
                0x0000000000002ecc                mbed::FileBase::~FileBase()
                0x0000000000002ecc                mbed::FileBase::~FileBase()
 .text._ZN4mbed8FileBaseD0Ev
                0x0000000000002efc       0x3c ./mbed/TARGET_K64F/TOOLCHAIN_GCC_ARM/libmbed.a(FileBase.o)
                0x0000000000002efc                mbed::FileBase::~FileBase()
 .text._ZN4mbed8FileBaseC2EPKcNS_8PathTypeE
                0x0000000000002f38       0x20 ./mbed/TARGET_K64F/TOOLCHAIN_GCC_ARM/libmbed.a(FileBase.o)
                0x0000000000002f38                mbed::FileBase::FileBase(char const*, mbed::PathType)
                0x0000000000002f38                mbed::FileBase::FileBase(char const*, mbed::PathType)
 .text._ZN4mbed8FileBase6lookupEPKcj
                0x0000000000002f58       0x3c ./mbed/TARGET_K64F/TOOLCHAIN_GCC_ARM/libmbed.a(FileBase.o)
                0x0000000000002f58                mbed::FileBase::lookup(char const*, unsigned int)
 .text._ZN4mbed8FileBase11getPathTypeEv
                0x0000000000002f94        0x4 ./mbed/TARGET_K64F/TOOLCHAIN_GCC_ARM/libmbed.a(FileBase.o)
                0x0000000000002f94                mbed::FileBase::getPathType()
 .text._ZN4mbed8FileLikeD2Ev
                0x0000000000002f98       0x24 ./mbed/TARGET_K64F/TOOLCHAIN_GCC_ARM/libmbed.a(FileLike.o)
                0x0000000000002f98                mbed::FileLike::~FileLike()
                0x0000000000002f98                mbed::FileLike::~FileLike()
 .text._ZThn4_N4mbed8FileLikeD1Ev
                0x0000000000002fbc        0x8 ./mbed/TARGET_K64F/TOOLCHAIN_GCC_ARM/libmbed.a(FileLike.o)
                0x0000000000002fbc                non-virtual thunk to mbed::FileLike::~FileLike()
 .text._ZN4mbed8FileLikeD0Ev
                0x0000000000002fc4       0x2c ./mbed/TARGET_K64F/TOOLCHAIN_GCC_ARM/libmbed.a(FileLike.o)
                0x0000000000002fc4                mbed::FileLike::~FileLike()
 .text._ZThn4_N4mbed8FileLikeD0Ev
                0x0000000000002ff0        0x8 ./mbed/TARGET_K64F/TOOLCHAIN_GCC_ARM/libmbed.a(FileLike.o)
                0x0000000000002ff0                non-virtual thunk to mbed::FileLike::~FileLike()
 .text._ZN4mbed8FileLikeC2EPKc
                0x0000000000002ff8       0x28 ./mbed/TARGET_K64F/TOOLCHAIN_GCC_ARM/libmbed.a(FileLike.o)
                0x0000000000002ff8                mbed::FileLike::FileLike(char const*)
                0x0000000000002ff8                mbed::FileLike::FileLike(char const*)
 .text.us_ticker_irq_handler
                0x0000000000003020        0xc ./mbed/TARGET_K64F/TOOLCHAIN_GCC_ARM/libmbed.a(us_ticker_api.o)
                0x0000000000003020                us_ticker_irq_handler
 .text.I2C_HAL_Init
                0x000000000000302c       0x20 ./mbed/TARGET_K64F/TOOLCHAIN_GCC_ARM/libmbed.a(fsl_i2c_hal.o)
                0x000000000000302c                I2C_HAL_Init
 .text.I2C_HAL_SetBaudRate
                0x000000000000304c       0xac ./mbed/TARGET_K64F/TOOLCHAIN_GCC_ARM/libmbed.a(fsl_i2c_hal.o)
                0x000000000000304c                I2C_HAL_SetBaudRate
 .text.I2C_HAL_SendStart
                0x00000000000030f8       0x1c ./mbed/TARGET_K64F/TOOLCHAIN_GCC_ARM/libmbed.a(fsl_i2c_hal.o)
                0x00000000000030f8                I2C_HAL_SendStart
 .text.ticker_irq_handler
                0x0000000000003114       0x48 ./mbed/TARGET_K64F/TOOLCHAIN_GCC_ARM/libmbed.a(ticker_api.o)
                0x0000000000003114                ticker_irq_handler
 .text._ZdlPv   0x000000000000315c        0x4 /usr/lib/gcc/arm-none-eabi/4.9.3/../../../arm-none-eabi/lib/armv7e-m/softfp/libstdc++_nano.a(del_op.o)
                0x000000000000315c                operator delete(void*)
 .text.__aeabi_atexit
                0x0000000000003160        0xa /usr/lib/gcc/arm-none-eabi/4.9.3/../../../arm-none-eabi/lib/armv7e-m/softfp/libstdc++_nano.a(atexit_arm.o)
                0x0000000000003160                __aeabi_atexit
 .text.abort    0x000000000000316a        0xe /usr/lib/gcc/arm-none-eabi/4.9.3/../../../arm-none-eabi/lib/armv7e-m/softfp/libc_nano.a(lib_a-abort.o)
                0x000000000000316a                abort
 .text.__assert_func
                0x0000000000003178       0x38 /usr/lib/gcc/arm-none-eabi/4.9.3/../../../arm-none-eabi/lib/armv7e-m/softfp/libc_nano.a(lib_a-assert.o)
                0x0000000000003178                __assert_func
 .text.atexit   0x00000000000031b0        0xc /usr/lib/gcc/arm-none-eabi/4.9.3/../../../arm-none-eabi/lib/armv7e-m/softfp/libc_nano.a(lib_a-atexit.o)
                0x00000000000031b0                atexit
 .text.__cxa_atexit
                0x00000000000031bc       0x1c /usr/lib/gcc/arm-none-eabi/4.9.3/../../../arm-none-eabi/lib/armv7e-m/softfp/libc_nano.a(lib_a-cxa_atexit.o)
                0x00000000000031bc                __cxa_atexit
 .text.__errno  0x00000000000031d8        0xc /usr/lib/gcc/arm-none-eabi/4.9.3/../../../arm-none-eabi/lib/armv7e-m/softfp/libc_nano.a(lib_a-errno.o)
                0x00000000000031d8                __errno
 .text.exit     0x00000000000031e4       0x28 /usr/lib/gcc/arm-none-eabi/4.9.3/../../../arm-none-eabi/lib/armv7e-m/softfp/libc_nano.a(lib_a-exit.o)
                0x00000000000031e4                exit
 .text._fclose_r
                0x000000000000320c       0xa4 /usr/lib/gcc/arm-none-eabi/4.9.3/../../../arm-none-eabi/lib/armv7e-m/softfp/libc_nano.a(lib_a-fclose.o)
                0x000000000000320c                _fclose_r
 .text.fclose   0x00000000000032b0       0x10 /usr/lib/gcc/arm-none-eabi/4.9.3/../../../arm-none-eabi/lib/armv7e-m/softfp/libc_nano.a(lib_a-fclose.o)
                0x00000000000032b0                fclose
 .text.__sflush_r
                0x00000000000032c0      0x108 /usr/lib/gcc/arm-none-eabi/4.9.3/../../../arm-none-eabi/lib/armv7e-m/softfp/libc_nano.a(lib_a-fflush.o)
                0x00000000000032c0                __sflush_r
 .text._fflush_r
                0x00000000000033c8       0x54 /usr/lib/gcc/arm-none-eabi/4.9.3/../../../arm-none-eabi/lib/armv7e-m/softfp/libc_nano.a(lib_a-fflush.o)
                0x00000000000033c8                _fflush_r
 .text.fflush   0x000000000000341c       0x24 /usr/lib/gcc/arm-none-eabi/4.9.3/../../../arm-none-eabi/lib/armv7e-m/softfp/libc_nano.a(lib_a-fflush.o)
                0x000000000000341c                fflush
 .text._fgetc_r
                0x0000000000003440       0x58 /usr/lib/gcc/arm-none-eabi/4.9.3/../../../arm-none-eabi/lib/armv7e-m/softfp/libc_nano.a(lib_a-fgetc.o)
                0x0000000000003440                _fgetc_r
 .text.fgetc    0x0000000000003498       0x10 /usr/lib/gcc/arm-none-eabi/4.9.3/../../../arm-none-eabi/lib/armv7e-m/softfp/libc_nano.a(lib_a-fgetc.o)
                0x0000000000003498                fgetc
 .text._cleanup_r
                0x00000000000034a8        0xc /usr/lib/gcc/arm-none-eabi/4.9.3/../../../arm-none-eabi/lib/armv7e-m/softfp/libc_nano.a(lib_a-findfp.o)
                0x00000000000034a8                _cleanup_r
 .text.std.isra.0
                0x00000000000034b4       0x48 /usr/lib/gcc/arm-none-eabi/4.9.3/../../../arm-none-eabi/lib/armv7e-m/softfp/libc_nano.a(lib_a-findfp.o)
 .text.__sfmoreglue
                0x00000000000034fc       0x2c /usr/lib/gcc/arm-none-eabi/4.9.3/../../../arm-none-eabi/lib/armv7e-m/softfp/libc_nano.a(lib_a-findfp.o)
                0x00000000000034fc                __sfmoreglue
 .text.__sinit  0x0000000000003528       0x60 /usr/lib/gcc/arm-none-eabi/4.9.3/../../../arm-none-eabi/lib/armv7e-m/softfp/libc_nano.a(lib_a-findfp.o)
                0x0000000000003528                __sinit
 .text.__sfp    0x0000000000003588       0x74 /usr/lib/gcc/arm-none-eabi/4.9.3/../../../arm-none-eabi/lib/armv7e-m/softfp/libc_nano.a(lib_a-findfp.o)
                0x0000000000003588                __sfp
 .text.__sfp_lock_acquire
                0x00000000000035fc        0x2 /usr/lib/gcc/arm-none-eabi/4.9.3/../../../arm-none-eabi/lib/armv7e-m/softfp/libc_nano.a(lib_a-findfp.o)
                0x00000000000035fc                __sfp_lock_acquire
 .text.__sfp_lock_release
                0x00000000000035fe        0x2 /usr/lib/gcc/arm-none-eabi/4.9.3/../../../arm-none-eabi/lib/armv7e-m/softfp/libc_nano.a(lib_a-findfp.o)
                0x00000000000035fe                __sfp_lock_release
 .text.__libc_fini_array
                0x0000000000003600       0x28 /usr/lib/gcc/arm-none-eabi/4.9.3/../../../arm-none-eabi/lib/armv7e-m/softfp/libc_nano.a(lib_a-fini.o)
                0x0000000000003600                __libc_fini_array
 .text._fopen_r
                0x0000000000003628       0x80 /usr/lib/gcc/arm-none-eabi/4.9.3/../../../arm-none-eabi/lib/armv7e-m/softfp/libc_nano.a(lib_a-fopen.o)
                0x0000000000003628                _fopen_r
 .text.fopen    0x00000000000036a8       0x14 /usr/lib/gcc/arm-none-eabi/4.9.3/../../../arm-none-eabi/lib/armv7e-m/softfp/libc_nano.a(lib_a-fopen.o)
                0x00000000000036a8                fopen
 .text.fprintf  0x00000000000036bc       0x24 /usr/lib/gcc/arm-none-eabi/4.9.3/../../../arm-none-eabi/lib/armv7e-m/softfp/libc_nano.a(lib_a-fprintf.o)
                0x00000000000036bc                fprintf
                0x00000000000036bc                fiprintf
 .text._fseek_r
                0x00000000000036e0        0x4 /usr/lib/gcc/arm-none-eabi/4.9.3/../../../arm-none-eabi/lib/armv7e-m/softfp/libc_nano.a(lib_a-fseek.o)
                0x00000000000036e0                _fseek_r
 .text._fseeko_r
                0x00000000000036e4      0x118 /usr/lib/gcc/arm-none-eabi/4.9.3/../../../arm-none-eabi/lib/armv7e-m/softfp/libc_nano.a(lib_a-fseeko.o)
                0x00000000000036e4                _fseeko_r
 .text._fwalk   0x00000000000037fc       0x38 /usr/lib/gcc/arm-none-eabi/4.9.3/../../../arm-none-eabi/lib/armv7e-m/softfp/libc_nano.a(lib_a-fwalk.o)
                0x00000000000037fc                _fwalk
 .text._fwalk_reent
                0x0000000000003834       0x3c /usr/lib/gcc/arm-none-eabi/4.9.3/../../../arm-none-eabi/lib/armv7e-m/softfp/libc_nano.a(lib_a-fwalk.o)
                0x0000000000003834                _fwalk_reent
 .text.__libc_init_array
                0x0000000000003870       0x4c /usr/lib/gcc/arm-none-eabi/4.9.3/../../../arm-none-eabi/lib/armv7e-m/softfp/libc_nano.a(lib_a-init.o)
                0x0000000000003870                __libc_init_array
 .text.__smakebuf_r
                0x00000000000038bc       0x9c /usr/lib/gcc/arm-none-eabi/4.9.3/../../../arm-none-eabi/lib/armv7e-m/softfp/libc_nano.a(lib_a-makebuf.o)
                0x00000000000038bc                __smakebuf_r
 .text.malloc   0x0000000000003958       0x10 /usr/lib/gcc/arm-none-eabi/4.9.3/../../../arm-none-eabi/lib/armv7e-m/softfp/libc_nano.a(lib_a-malloc.o)
                0x0000000000003958                malloc
 .text.free     0x0000000000003968       0x10 /usr/lib/gcc/arm-none-eabi/4.9.3/../../../arm-none-eabi/lib/armv7e-m/softfp/libc_nano.a(lib_a-malloc.o)
                0x0000000000003968                free
 .text.memchr   0x0000000000003978       0x1e /usr/lib/gcc/arm-none-eabi/4.9.3/../../../arm-none-eabi/lib/armv7e-m/softfp/libc_nano.a(lib_a-memchr.o)
                0x0000000000003978                memchr
 .text.memcpy   0x0000000000003996       0x16 /usr/lib/gcc/arm-none-eabi/4.9.3/../../../arm-none-eabi/lib/armv7e-m/softfp/libc_nano.a(lib_a-memcpy.o)
                0x0000000000003996                memcpy
 .text.memset   0x00000000000039ac       0x10 /usr/lib/gcc/arm-none-eabi/4.9.3/../../../arm-none-eabi/lib/armv7e-m/softfp/libc_nano.a(lib_a-memset.o)
                0x00000000000039ac                memset
 .text._free_r  0x00000000000039bc       0x88 /usr/lib/gcc/arm-none-eabi/4.9.3/../../../arm-none-eabi/lib/armv7e-m/softfp/libc_nano.a(lib_a-nano-freer.o)
                0x00000000000039bc                _free_r
 .text._malloc_r
                0x0000000000003a44       0xac /usr/lib/gcc/arm-none-eabi/4.9.3/../../../arm-none-eabi/lib/armv7e-m/softfp/libc_nano.a(lib_a-nano-mallocr.o)
                0x0000000000003a44                _malloc_r
 .text.__sfputc_r
                0x0000000000003af0       0x2c /usr/lib/gcc/arm-none-eabi/4.9.3/../../../arm-none-eabi/lib/armv7e-m/softfp/libc_nano.a(lib_a-nano-vfprintf.o)
 .text.__sfputs_r
                0x0000000000003b1c       0x24 /usr/lib/gcc/arm-none-eabi/4.9.3/../../../arm-none-eabi/lib/armv7e-m/softfp/libc_nano.a(lib_a-nano-vfprintf.o)
                0x0000000000003b1c                __sfputs_r
 .text._vfprintf_r
                0x0000000000003b40      0x210 /usr/lib/gcc/arm-none-eabi/4.9.3/../../../arm-none-eabi/lib/armv7e-m/softfp/libc_nano.a(lib_a-nano-vfprintf.o)
                0x0000000000003b40                _vfiprintf_r
                0x0000000000003b40                _vfprintf_r
 .text.vfprintf
                0x0000000000003d50       0x1c /usr/lib/gcc/arm-none-eabi/4.9.3/../../../arm-none-eabi/lib/armv7e-m/softfp/libc_nano.a(lib_a-nano-vfprintf.o)
                0x0000000000003d50                vfiprintf
                0x0000000000003d50                vfprintf
 .text.__cvt    0x0000000000003d6c       0xc0 /usr/lib/gcc/arm-none-eabi/4.9.3/../../../arm-none-eabi/lib/armv7e-m/softfp/libc_nano.a(lib_a-nano-vfprintf_float.o)
                0x0000000000003d6c                __cvt
 .text.__exponent
                0x0000000000003e2c       0x60 /usr/lib/gcc/arm-none-eabi/4.9.3/../../../arm-none-eabi/lib/armv7e-m/softfp/libc_nano.a(lib_a-nano-vfprintf_float.o)
                0x0000000000003e2c                __exponent
 .text._printf_float
                0x0000000000003e8c      0x48c /usr/lib/gcc/arm-none-eabi/4.9.3/../../../arm-none-eabi/lib/armv7e-m/softfp/libc_nano.a(lib_a-nano-vfprintf_float.o)
                0x0000000000003e8c                _printf_float
 .text._printf_common
                0x0000000000004318       0xea /usr/lib/gcc/arm-none-eabi/4.9.3/../../../arm-none-eabi/lib/armv7e-m/softfp/libc_nano.a(lib_a-nano-vfprintf_i.o)
                0x0000000000004318                _printf_common
 *fill*         0x0000000000004402        0x2 
 .text._printf_i
                0x0000000000004404      0x240 /usr/lib/gcc/arm-none-eabi/4.9.3/../../../arm-none-eabi/lib/armv7e-m/softfp/libc_nano.a(lib_a-nano-vfprintf_i.o)
                0x0000000000004404                _printf_i
 .text._scanf_float
                0x0000000000004644      0x3cc /usr/lib/gcc/arm-none-eabi/4.9.3/../../../arm-none-eabi/lib/armv7e-m/softfp/libc_nano.a(lib_a-nano-vfscanf_float.o)
                0x0000000000004644                _scanf_float
 .text._scanf_chars
                0x0000000000004a10       0xc0 /usr/lib/gcc/arm-none-eabi/4.9.3/../../../arm-none-eabi/lib/armv7e-m/softfp/libc_nano.a(lib_a-nano-vfscanf_i.o)
                0x0000000000004a10                _scanf_chars
 .text._scanf_i
                0x0000000000004ad0      0x1e4 /usr/lib/gcc/arm-none-eabi/4.9.3/../../../arm-none-eabi/lib/armv7e-m/softfp/libc_nano.a(lib_a-nano-vfscanf_i.o)
                0x0000000000004ad0                _scanf_i
 .text._open_r  0x0000000000004cb4       0x24 /usr/lib/gcc/arm-none-eabi/4.9.3/../../../arm-none-eabi/lib/armv7e-m/softfp/libc_nano.a(lib_a-openr.o)
                0x0000000000004cb4                _open_r
 .text.printf   0x0000000000004cd8       0x30 /usr/lib/gcc/arm-none-eabi/4.9.3/../../../arm-none-eabi/lib/armv7e-m/softfp/libc_nano.a(lib_a-printf.o)
                0x0000000000004cd8                printf
                0x0000000000004cd8                iprintf
 .text.lflush   0x0000000000004d08       0x12 /usr/lib/gcc/arm-none-eabi/4.9.3/../../../arm-none-eabi/lib/armv7e-m/softfp/libc_nano.a(lib_a-refill.o)
 *fill*         0x0000000000004d1a        0x2 
 .text.__srefill_r
                0x0000000000004d1c      0x10c /usr/lib/gcc/arm-none-eabi/4.9.3/../../../arm-none-eabi/lib/armv7e-m/softfp/libc_nano.a(lib_a-refill.o)
                0x0000000000004d1c                __srefill_r
 .text.__srget_r
                0x0000000000004e28       0x58 /usr/lib/gcc/arm-none-eabi/4.9.3/../../../arm-none-eabi/lib/armv7e-m/softfp/libc_nano.a(lib_a-rget.o)
                0x0000000000004e28                __srget_r
 .text.__fpclassifyd
                0x0000000000004e80       0x54 /usr/lib/gcc/arm-none-eabi/4.9.3/../../../arm-none-eabi/lib/armv7e-m/softfp/libc_nano.a(lib_a-s_fpclassify.o)
                0x0000000000004e80                __fpclassifyd
 .text._sbrk_r  0x0000000000004ed4       0x20 /usr/lib/gcc/arm-none-eabi/4.9.3/../../../arm-none-eabi/lib/armv7e-m/softfp/libc_nano.a(lib_a-sbrkr.o)
                0x0000000000004ed4                _sbrk_r
 .text.__sccl   0x0000000000004ef4       0x64 /usr/lib/gcc/arm-none-eabi/4.9.3/../../../arm-none-eabi/lib/armv7e-m/softfp/libc_nano.a(lib_a-sccl.o)
                0x0000000000004ef4                __sccl
 .text.setbuf   0x0000000000004f58       0x10 /usr/lib/gcc/arm-none-eabi/4.9.3/../../../arm-none-eabi/lib/armv7e-m/softfp/libc_nano.a(lib_a-setbuf.o)
                0x0000000000004f58                setbuf
 .text.setvbuf  0x0000000000004f68      0x110 /usr/lib/gcc/arm-none-eabi/4.9.3/../../../arm-none-eabi/lib/armv7e-m/softfp/libc_nano.a(lib_a-setvbuf.o)
                0x0000000000004f68                setvbuf
 .text.nanf     0x0000000000005078        0x8 /usr/lib/gcc/arm-none-eabi/4.9.3/../../../arm-none-eabi/lib/armv7e-m/softfp/libc_nano.a(lib_a-sf_nan.o)
                0x0000000000005078                nanf
 .text._raise_r
                0x0000000000005080       0x50 /usr/lib/gcc/arm-none-eabi/4.9.3/../../../arm-none-eabi/lib/armv7e-m/softfp/libc_nano.a(lib_a-signal.o)
                0x0000000000005080                _raise_r
 .text.raise    0x00000000000050d0       0x10 /usr/lib/gcc/arm-none-eabi/4.9.3/../../../arm-none-eabi/lib/armv7e-m/softfp/libc_nano.a(lib_a-signal.o)
                0x00000000000050d0                raise
 .text._kill_r  0x00000000000050e0       0x24 /usr/lib/gcc/arm-none-eabi/4.9.3/../../../arm-none-eabi/lib/armv7e-m/softfp/libc_nano.a(lib_a-signalr.o)
                0x00000000000050e0                _kill_r
 .text._getpid_r
                0x0000000000005104        0x4 /usr/lib/gcc/arm-none-eabi/4.9.3/../../../arm-none-eabi/lib/armv7e-m/softfp/libc_nano.a(lib_a-signalr.o)
                0x0000000000005104                _getpid_r
 .text.sprintf  0x0000000000005108       0x48 /usr/lib/gcc/arm-none-eabi/4.9.3/../../../arm-none-eabi/lib/armv7e-m/softfp/libc_nano.a(lib_a-sprintf.o)
                0x0000000000005108                sprintf
                0x0000000000005108                siprintf
 .text.sscanf   0x0000000000005150       0x54 /usr/lib/gcc/arm-none-eabi/4.9.3/../../../arm-none-eabi/lib/armv7e-m/softfp/libc_nano.a(lib_a-sscanf.o)
                0x0000000000005150                sscanf
                0x0000000000005150                siscanf
 .text.__sread  0x00000000000051a4       0x22 /usr/lib/gcc/arm-none-eabi/4.9.3/../../../arm-none-eabi/lib/armv7e-m/softfp/libc_nano.a(lib_a-stdio.o)
                0x00000000000051a4                __sread
 .text.__seofread
                0x00000000000051c6        0x4 /usr/lib/gcc/arm-none-eabi/4.9.3/../../../arm-none-eabi/lib/armv7e-m/softfp/libc_nano.a(lib_a-stdio.o)
                0x00000000000051c6                __seofread
 .text.__swrite
                0x00000000000051ca       0x38 /usr/lib/gcc/arm-none-eabi/4.9.3/../../../arm-none-eabi/lib/armv7e-m/softfp/libc_nano.a(lib_a-stdio.o)
                0x00000000000051ca                __swrite
 .text.__sseek  0x0000000000005202       0x24 /usr/lib/gcc/arm-none-eabi/4.9.3/../../../arm-none-eabi/lib/armv7e-m/softfp/libc_nano.a(lib_a-stdio.o)
                0x0000000000005202                __sseek
 .text.__sclose
                0x0000000000005226        0x8 /usr/lib/gcc/arm-none-eabi/4.9.3/../../../arm-none-eabi/lib/armv7e-m/softfp/libc_nano.a(lib_a-stdio.o)
                0x0000000000005226                __sclose
 .text          0x000000000000522e       0x14 /usr/lib/gcc/arm-none-eabi/4.9.3/../../../arm-none-eabi/lib/armv7e-m/softfp/libc_nano.a(lib_a-strcmp.o)
                0x000000000000522e                strcmp
 .text.strlen   0x0000000000005242       0x10 /usr/lib/gcc/arm-none-eabi/4.9.3/../../../arm-none-eabi/lib/armv7e-m/softfp/libc_nano.a(lib_a-strlen.o)
                0x0000000000005242                strlen
 .text.strncmp  0x0000000000005252       0x34 /usr/lib/gcc/arm-none-eabi/4.9.3/../../../arm-none-eabi/lib/armv7e-m/softfp/libc_nano.a(lib_a-strncmp.o)
                0x0000000000005252                strncmp
 .text.match    0x0000000000005286       0x26 /usr/lib/gcc/arm-none-eabi/4.9.3/../../../arm-none-eabi/lib/armv7e-m/softfp/libc_nano.a(lib_a-strtod.o)
 .text.sulp     0x00000000000052ac       0x42 /usr/lib/gcc/arm-none-eabi/4.9.3/../../../arm-none-eabi/lib/armv7e-m/softfp/libc_nano.a(lib_a-strtod.o)
 *fill*         0x00000000000052ee        0x2 
 .text._strtod_r
                0x00000000000052f0      0xc28 /usr/lib/gcc/arm-none-eabi/4.9.3/../../../arm-none-eabi/lib/armv7e-m/softfp/libc_nano.a(lib_a-strtod.o)
                0x00000000000052f0                _strtod_r
 .text._strtol_r
                0x0000000000005f18      0x10c /usr/lib/gcc/arm-none-eabi/4.9.3/../../../arm-none-eabi/lib/armv7e-m/softfp/libc_nano.a(lib_a-strtol.o)
                0x0000000000005f18                _strtol_r
 .text._strtoul_r
                0x0000000000006024       0xf8 /usr/lib/gcc/arm-none-eabi/4.9.3/../../../arm-none-eabi/lib/armv7e-m/softfp/libc_nano.a(lib_a-strtoul.o)
                0x0000000000006024                _strtoul_r
 .text.__submore
                0x000000000000611c       0x76 /usr/lib/gcc/arm-none-eabi/4.9.3/../../../arm-none-eabi/lib/armv7e-m/softfp/libc_nano.a(lib_a-ungetc.o)
                0x000000000000611c                __submore
 *fill*         0x0000000000006192        0x2 
 .text.__swbuf_r
                0x0000000000006194       0xa8 /usr/lib/gcc/arm-none-eabi/4.9.3/../../../arm-none-eabi/lib/armv7e-m/softfp/libc_nano.a(lib_a-wbuf.o)
                0x0000000000006194                __swbuf_r
 .text._write_r
                0x000000000000623c       0x24 /usr/lib/gcc/arm-none-eabi/4.9.3/../../../arm-none-eabi/lib/armv7e-m/softfp/libc_nano.a(lib_a-writer.o)
                0x000000000000623c                _write_r
 .text.__swsetup_r
                0x0000000000006260       0xd8 /usr/lib/gcc/arm-none-eabi/4.9.3/../../../arm-none-eabi/lib/armv7e-m/softfp/libc_nano.a(lib_a-wsetup.o)
                0x0000000000006260                __swsetup_r
 .text.__register_exitproc
                0x0000000000006338       0xb8 /usr/lib/gcc/arm-none-eabi/4.9.3/../../../arm-none-eabi/lib/armv7e-m/softfp/libc_nano.a(lib_a-__atexit.o)
                0x0000000000006338                __register_exitproc
 .text.__call_exitprocs
                0x00000000000063f0       0xd4 /usr/lib/gcc/arm-none-eabi/4.9.3/../../../arm-none-eabi/lib/armv7e-m/softfp/libc_nano.a(lib_a-__call_atexit.o)
                0x00000000000063f0                __call_exitprocs
 .text._close_r
                0x00000000000064c4       0x20 /usr/lib/gcc/arm-none-eabi/4.9.3/../../../arm-none-eabi/lib/armv7e-m/softfp/libc_nano.a(lib_a-closer.o)
                0x00000000000064c4                _close_r
 .text.quorem   0x00000000000064e4      0x11a /usr/lib/gcc/arm-none-eabi/4.9.3/../../../arm-none-eabi/lib/armv7e-m/softfp/libc_nano.a(lib_a-dtoa.o)
 *fill*         0x00000000000065fe        0x2 
 .text._dtoa_r  0x0000000000006600      0xb88 /usr/lib/gcc/arm-none-eabi/4.9.3/../../../arm-none-eabi/lib/armv7e-m/softfp/libc_nano.a(lib_a-dtoa.o)
                0x0000000000006600                _dtoa_r
 .text.__sflags
                0x0000000000007188       0x6e /usr/lib/gcc/arm-none-eabi/4.9.3/../../../arm-none-eabi/lib/armv7e-m/softfp/libc_nano.a(lib_a-flags.o)
                0x0000000000007188                __sflags
 *fill*         0x00000000000071f6        0x2 
 .text._fstat_r
                0x00000000000071f8       0x24 /usr/lib/gcc/arm-none-eabi/4.9.3/../../../arm-none-eabi/lib/armv7e-m/softfp/libc_nano.a(lib_a-fstatr.o)
                0x00000000000071f8                _fstat_r
 .text.rshift   0x000000000000721c       0x6c /usr/lib/gcc/arm-none-eabi/4.9.3/../../../arm-none-eabi/lib/armv7e-m/softfp/libc_nano.a(lib_a-gdtoa-gethex.o)
 .text.__hexdig_fun
                0x0000000000007288       0x2a /usr/lib/gcc/arm-none-eabi/4.9.3/../../../arm-none-eabi/lib/armv7e-m/softfp/libc_nano.a(lib_a-gdtoa-gethex.o)
                0x0000000000007288                __hexdig_fun
 .text.__gethex
                0x00000000000072b2      0x44a /usr/lib/gcc/arm-none-eabi/4.9.3/../../../arm-none-eabi/lib/armv7e-m/softfp/libc_nano.a(lib_a-gdtoa-gethex.o)
                0x00000000000072b2                __gethex
 .text.L_shift  0x00000000000076fc       0x24 /usr/lib/gcc/arm-none-eabi/4.9.3/../../../arm-none-eabi/lib/armv7e-m/softfp/libc_nano.a(lib_a-gdtoa-hexnan.o)
 .text.__hexnan
                0x0000000000007720      0x114 /usr/lib/gcc/arm-none-eabi/4.9.3/../../../arm-none-eabi/lib/armv7e-m/softfp/libc_nano.a(lib_a-gdtoa-hexnan.o)
                0x0000000000007720                __hexnan
 .text._isatty_r
                0x0000000000007834       0x20 /usr/lib/gcc/arm-none-eabi/4.9.3/../../../arm-none-eabi/lib/armv7e-m/softfp/libc_nano.a(lib_a-isattyr.o)
                0x0000000000007834                _isatty_r
 .text._localeconv_r
                0x0000000000007854        0x8 /usr/lib/gcc/arm-none-eabi/4.9.3/../../../arm-none-eabi/lib/armv7e-m/softfp/libc_nano.a(lib_a-locale.o)
                0x0000000000007854                _localeconv_r
 .text._lseek_r
                0x000000000000785c       0x24 /usr/lib/gcc/arm-none-eabi/4.9.3/../../../arm-none-eabi/lib/armv7e-m/softfp/libc_nano.a(lib_a-lseekr.o)
                0x000000000000785c                _lseek_r
 .text.memmove  0x0000000000007880       0x36 /usr/lib/gcc/arm-none-eabi/4.9.3/../../../arm-none-eabi/lib/armv7e-m/softfp/libc_nano.a(lib_a-memmove.o)
                0x0000000000007880                memmove
 .text._Balloc  0x00000000000078b6       0x6a /usr/lib/gcc/arm-none-eabi/4.9.3/../../../arm-none-eabi/lib/armv7e-m/softfp/libc_nano.a(lib_a-mprec.o)
                0x00000000000078b6                _Balloc
 .text._Bfree   0x0000000000007920       0x2e /usr/lib/gcc/arm-none-eabi/4.9.3/../../../arm-none-eabi/lib/armv7e-m/softfp/libc_nano.a(lib_a-mprec.o)
                0x0000000000007920                _Bfree
 .text.__multadd
                0x000000000000794e       0x7c /usr/lib/gcc/arm-none-eabi/4.9.3/../../../arm-none-eabi/lib/armv7e-m/softfp/libc_nano.a(lib_a-mprec.o)
                0x000000000000794e                __multadd
 .text.__s2b    0x00000000000079ca       0x80 /usr/lib/gcc/arm-none-eabi/4.9.3/../../../arm-none-eabi/lib/armv7e-m/softfp/libc_nano.a(lib_a-mprec.o)
                0x00000000000079ca                __s2b
 .text.__hi0bits
                0x0000000000007a4a       0x40 /usr/lib/gcc/arm-none-eabi/4.9.3/../../../arm-none-eabi/lib/armv7e-m/softfp/libc_nano.a(lib_a-mprec.o)
                0x0000000000007a4a                __hi0bits
 .text.__lo0bits
                0x0000000000007a8a       0x5a /usr/lib/gcc/arm-none-eabi/4.9.3/../../../arm-none-eabi/lib/armv7e-m/softfp/libc_nano.a(lib_a-mprec.o)
                0x0000000000007a8a                __lo0bits
 .text.__i2b    0x0000000000007ae4       0x12 /usr/lib/gcc/arm-none-eabi/4.9.3/../../../arm-none-eabi/lib/armv7e-m/softfp/libc_nano.a(lib_a-mprec.o)
                0x0000000000007ae4                __i2b
 .text.__multiply
                0x0000000000007af6      0x122 /usr/lib/gcc/arm-none-eabi/4.9.3/../../../arm-none-eabi/lib/armv7e-m/softfp/libc_nano.a(lib_a-mprec.o)
                0x0000000000007af6                __multiply
 .text.__pow5mult
                0x0000000000007c18       0x9c /usr/lib/gcc/arm-none-eabi/4.9.3/../../../arm-none-eabi/lib/armv7e-m/softfp/libc_nano.a(lib_a-mprec.o)
                0x0000000000007c18                __pow5mult
 .text.__lshift
                0x0000000000007cb4       0xa6 /usr/lib/gcc/arm-none-eabi/4.9.3/../../../arm-none-eabi/lib/armv7e-m/softfp/libc_nano.a(lib_a-mprec.o)
                0x0000000000007cb4                __lshift
 .text.__mcmp   0x0000000000007d5a       0x38 /usr/lib/gcc/arm-none-eabi/4.9.3/../../../arm-none-eabi/lib/armv7e-m/softfp/libc_nano.a(lib_a-mprec.o)
                0x0000000000007d5a                __mcmp
 .text.__mdiff  0x0000000000007d92       0xbe /usr/lib/gcc/arm-none-eabi/4.9.3/../../../arm-none-eabi/lib/armv7e-m/softfp/libc_nano.a(lib_a-mprec.o)
                0x0000000000007d92                __mdiff
 .text.__ulp    0x0000000000007e50       0x48 /usr/lib/gcc/arm-none-eabi/4.9.3/../../../arm-none-eabi/lib/armv7e-m/softfp/libc_nano.a(lib_a-mprec.o)
                0x0000000000007e50                __ulp
 .text.__b2d    0x0000000000007e98       0x9e /usr/lib/gcc/arm-none-eabi/4.9.3/../../../arm-none-eabi/lib/armv7e-m/softfp/libc_nano.a(lib_a-mprec.o)
                0x0000000000007e98                __b2d
 .text.__d2b    0x0000000000007f36       0xa4 /usr/lib/gcc/arm-none-eabi/4.9.3/../../../arm-none-eabi/lib/armv7e-m/softfp/libc_nano.a(lib_a-mprec.o)
                0x0000000000007f36                __d2b
 .text.__ratio  0x0000000000007fda       0x52 /usr/lib/gcc/arm-none-eabi/4.9.3/../../../arm-none-eabi/lib/armv7e-m/softfp/libc_nano.a(lib_a-mprec.o)
                0x0000000000007fda                __ratio
 .text.__copybits
                0x000000000000802c       0x34 /usr/lib/gcc/arm-none-eabi/4.9.3/../../../arm-none-eabi/lib/armv7e-m/softfp/libc_nano.a(lib_a-mprec.o)
                0x000000000000802c                __copybits
 .text.__any_on
                0x0000000000008060       0x44 /usr/lib/gcc/arm-none-eabi/4.9.3/../../../arm-none-eabi/lib/armv7e-m/softfp/libc_nano.a(lib_a-mprec.o)
                0x0000000000008060                __any_on
 .text._calloc_r
                0x00000000000080a4       0x1c /usr/lib/gcc/arm-none-eabi/4.9.3/../../../arm-none-eabi/lib/armv7e-m/softfp/libc_nano.a(lib_a-nano-callocr.o)
                0x00000000000080a4                _calloc_r
 .text._realloc_r
                0x00000000000080c0       0x4c /usr/lib/gcc/arm-none-eabi/4.9.3/../../../arm-none-eabi/lib/armv7e-m/softfp/libc_nano.a(lib_a-nano-reallocr.o)
                0x00000000000080c0                _realloc_r
 .text.__ssputs_r
                0x000000000000810c       0xb2 /usr/lib/gcc/arm-none-eabi/4.9.3/../../../arm-none-eabi/lib/armv7e-m/softfp/libc_nano.a(lib_a-nano-svfprintf.o)
                0x000000000000810c                __ssputs_r
 *fill*         0x00000000000081be        0x2 
 .text._svfprintf_r
                0x00000000000081c0      0x1e4 /usr/lib/gcc/arm-none-eabi/4.9.3/../../../arm-none-eabi/lib/armv7e-m/softfp/libc_nano.a(lib_a-nano-svfprintf.o)
                0x00000000000081c0                _svfprintf_r
                0x00000000000081c0                _svfiprintf_r
 .text._sungetc_r
                0x00000000000083a4       0x7a /usr/lib/gcc/arm-none-eabi/4.9.3/../../../arm-none-eabi/lib/armv7e-m/softfp/libc_nano.a(lib_a-nano-svfscanf.o)
                0x00000000000083a4                _sungetc_r
 .text.__ssrefill_r
                0x000000000000841e       0x3a /usr/lib/gcc/arm-none-eabi/4.9.3/../../../arm-none-eabi/lib/armv7e-m/softfp/libc_nano.a(lib_a-nano-svfscanf.o)
                0x000000000000841e                __ssrefill_r
 .text.__ssvfscanf_r
                0x0000000000008458      0x29c /usr/lib/gcc/arm-none-eabi/4.9.3/../../../arm-none-eabi/lib/armv7e-m/softfp/libc_nano.a(lib_a-nano-svfscanf.o)
                0x0000000000008458                __ssvfscanf_r
                0x0000000000008458                __ssvfiscanf_r
 .text._read_r  0x00000000000086f4       0x24 /usr/lib/gcc/arm-none-eabi/4.9.3/../../../arm-none-eabi/lib/armv7e-m/softfp/libc_nano.a(lib_a-readr.o)
                0x00000000000086f4                _read_r
 .text._malloc_usable_size_r
                0x0000000000008718       0x14 /usr/lib/gcc/arm-none-eabi/4.9.3/../../../arm-none-eabi/lib/armv7e-m/softfp/libc_nano.a(lib_a-nano-msizer.o)
                0x0000000000008718                _malloc_usable_size_r
 .text          0x000000000000872c      0x370 /usr/lib/gcc/arm-none-eabi/4.9.3/armv7e-m/softfp/libgcc.a(_arm_addsubdf3.o)
                0x000000000000872c                __aeabi_drsub
                0x0000000000008734                __aeabi_dsub
                0x0000000000008734                __subdf3
                0x0000000000008738                __adddf3
                0x0000000000008738                __aeabi_dadd
                0x00000000000089b0                __aeabi_ui2d
                0x00000000000089b0                __floatunsidf
                0x00000000000089d0                __floatsidf
                0x00000000000089d0                __aeabi_i2d
                0x00000000000089f4                __extendsfdf2
                0x00000000000089f4                __aeabi_f2d
                0x0000000000008a30                __aeabi_ul2d
                0x0000000000008a30                __floatundidf
                0x0000000000008a40                __floatdidf
                0x0000000000008a40                __aeabi_l2d
 .text          0x0000000000008a9c      0x424 /usr/lib/gcc/arm-none-eabi/4.9.3/armv7e-m/softfp/libgcc.a(_arm_muldivdf3.o)
                0x0000000000008a9c                __aeabi_dmul
                0x0000000000008a9c                __muldf3
                0x0000000000008cf0                __aeabi_ddiv
                0x0000000000008cf0                __divdf3
 .text          0x0000000000008ec0      0x110 /usr/lib/gcc/arm-none-eabi/4.9.3/armv7e-m/softfp/libgcc.a(_arm_cmpdf2.o)
                0x0000000000008ec0                __gtdf2
                0x0000000000008ec0                __gedf2
                0x0000000000008ec8                __ltdf2
                0x0000000000008ec8                __ledf2
                0x0000000000008ed0                __cmpdf2
                0x0000000000008ed0                __eqdf2
                0x0000000000008ed0                __nedf2
                0x0000000000008f4c                __aeabi_cdrcmple
                0x0000000000008f5c                __aeabi_cdcmple
                0x0000000000008f5c                __aeabi_cdcmpeq
                0x0000000000008f6c                __aeabi_dcmpeq
                0x0000000000008f80                __aeabi_dcmplt
                0x0000000000008f94                __aeabi_dcmple
                0x0000000000008fa8                __aeabi_dcmpge
                0x0000000000008fbc                __aeabi_dcmpgt
 .text          0x0000000000008fd0       0x50 /usr/lib/gcc/arm-none-eabi/4.9.3/armv7e-m/softfp/libgcc.a(_arm_fixdfsi.o)
                0x0000000000008fd0                __fixdfsi
                0x0000000000008fd0                __aeabi_d2iz
 .text          0x0000000000009020       0x40 /usr/lib/gcc/arm-none-eabi/4.9.3/armv7e-m/softfp/libgcc.a(_arm_fixunsdfsi.o)
                0x0000000000009020                __fixunsdfsi
                0x0000000000009020                __aeabi_d2uiz
 .text          0x0000000000009060       0xa0 /usr/lib/gcc/arm-none-eabi/4.9.3/armv7e-m/softfp/libgcc.a(_arm_truncdfsf2.o)
                0x0000000000009060                __aeabi_d2f
                0x0000000000009060                __truncdfsf2
 .text._getpid  0x0000000000009100       0x10 /usr/lib/gcc/arm-none-eabi/4.9.3/../../../arm-none-eabi/lib/armv7e-m/softfp/libnosys.a(getpid.o)
                0x0000000000009100                _getpid
 .text._kill    0x0000000000009110       0x10 /usr/lib/gcc/arm-none-eabi/4.9.3/../../../arm-none-eabi/lib/armv7e-m/softfp/libnosys.a(kill.o)
                0x0000000000009110                _kill
 *(.init)
 .init          0x0000000000009120        0x4 /usr/lib/gcc/arm-none-eabi/4.9.3/armv7e-m/softfp/crti.o
                0x0000000000009120                _init
 .init          0x0000000000009124        0x8 /usr/lib/gcc/arm-none-eabi/4.9.3/armv7e-m/softfp/crtn.o
 *(.fini)
 .fini          0x000000000000912c        0x4 /usr/lib/gcc/arm-none-eabi/4.9.3/armv7e-m/softfp/crti.o
                0x000000000000912c                _fini
 .fini          0x0000000000009130        0x8 /usr/lib/gcc/arm-none-eabi/4.9.3/armv7e-m/softfp/crtn.o
 *crtbegin.o(.ctors)
 *crtbegin?.o(.ctors)
 *(EXCLUDE_FILE(*crtend.o *crtend?.o) .ctors)
 *(SORT(.ctors.*))
 *(.ctors)
 *crtbegin.o(.dtors)
 *crtbegin?.o(.dtors)
 *(EXCLUDE_FILE(*crtend.o *crtend?.o) .dtors)
 *(SORT(.dtors.*))
 *(.dtors)
 *(.rodata*)
 .rodata        0x0000000000009138       0x14 main.o
 .rodata.str1.1
                0x000000000000914c        0x9 main.o
 *fill*         0x0000000000009155        0x3 
 .rodata        0x0000000000009158       0x14 mbed/TARGET_K64F/TOOLCHAIN_GCC_ARM/board.o
 .rodata.str1.4
                0x000000000000916c       0x86 mbed/TARGET_K64F/TOOLCHAIN_GCC_ARM/board.o
                                         0x88 (size before relaxing)
 *fill*         0x00000000000091f2        0x2 
 .rodata.__stdin_name
                0x00000000000091f4        0x8 mbed/TARGET_K64F/TOOLCHAIN_GCC_ARM/retarget.o
                0x00000000000091f4                __stdin_name
 .rodata.__stderr_name
                0x00000000000091fc        0x8 mbed/TARGET_K64F/TOOLCHAIN_GCC_ARM/retarget.o
                0x00000000000091fc                __stderr_name
 .rodata.__stdout_name
                0x0000000000009204        0x8 mbed/TARGET_K64F/TOOLCHAIN_GCC_ARM/retarget.o
                0x0000000000009204                __stdout_name
 *fill*         0x000000000000920c        0x4 
 .rodata._ZTVN4mbed10FileHandleE
                0x0000000000009210       0x30 mbed/TARGET_K64F/TOOLCHAIN_GCC_ARM/retarget.o
                0x0000000000009210                vtable for mbed::FileHandle
 .rodata.str1.4
                0x0000000000009240        0xe mbed/TARGET_K64F/TOOLCHAIN_GCC_ARM/retarget.o
                                         0x10 (size before relaxing)
 *fill*         0x000000000000924e        0x2 
 .rodata.str1.4
                0x0000000000009250       0x99 ./mbed/TARGET_K64F/TOOLCHAIN_GCC_ARM/libmbed.a(fsl_gpio_hal.o)
                                         0x9c (size before relaxing)
 *fill*         0x00000000000092e9        0x3 
 .rodata.__func__.14505
                0x00000000000092ec       0x14 ./mbed/TARGET_K64F/TOOLCHAIN_GCC_ARM/libmbed.a(fsl_gpio_hal.o)
 .rodata.__func__.14511
                0x0000000000009300       0x18 ./mbed/TARGET_K64F/TOOLCHAIN_GCC_ARM/libmbed.a(fsl_gpio_hal.o)
 .rodata        0x0000000000009318       0x10 ./mbed/TARGET_K64F/TOOLCHAIN_GCC_ARM/libmbed.a(pwmout_api.o)
 .rodata.str1.4
                0x0000000000009328      0x141 ./mbed/TARGET_K64F/TOOLCHAIN_GCC_ARM/libmbed.a(pwmout_api.o)
                                        0x144 (size before relaxing)
 *fill*         0x0000000000009469        0x3 
 .rodata.__func__.15108
                0x000000000000946c       0x18 ./mbed/TARGET_K64F/TOOLCHAIN_GCC_ARM/libmbed.a(pwmout_api.o)
 .rodata.__func__.15114
                0x0000000000009484       0x18 ./mbed/TARGET_K64F/TOOLCHAIN_GCC_ARM/libmbed.a(pwmout_api.o)
 .rodata        0x000000000000949c       0x18 ./mbed/TARGET_K64F/TOOLCHAIN_GCC_ARM/libmbed.a(serial_api.o)
 .rodata.str1.4
                0x00000000000094b4       0x89 ./mbed/TARGET_K64F/TOOLCHAIN_GCC_ARM/libmbed.a(serial_api.o)
                                         0x8c (size before relaxing)
 *fill*         0x000000000000953d        0x3 
 .rodata._ZTVN4mbed10SerialBaseE
                0x0000000000009540       0x10 ./mbed/TARGET_K64F/TOOLCHAIN_GCC_ARM/libmbed.a(Serial.o)
                0x0000000000009540                vtable for mbed::SerialBase
 .rodata._ZTVN4mbed6SerialE
                0x0000000000009550       0x60 ./mbed/TARGET_K64F/TOOLCHAIN_GCC_ARM/libmbed.a(Serial.o)
                0x0000000000009550                vtable for mbed::Serial
 .rodata._ZTVN4mbed6StreamE
                0x00000000000095b0       0x48 ./mbed/TARGET_K64F/TOOLCHAIN_GCC_ARM/libmbed.a(Stream.o)
                0x00000000000095b0                vtable for mbed::Stream
 .rodata.str1.4
                0x00000000000095f8        0x3 ./mbed/TARGET_K64F/TOOLCHAIN_GCC_ARM/libmbed.a(Stream.o)
                                          0x8 (size before relaxing)
 *fill*         0x00000000000095fb        0x1 
 .rodata.str1.4
                0x00000000000095fc       0x31 ./mbed/TARGET_K64F/TOOLCHAIN_GCC_ARM/libmbed.a(assert.o)
                                         0x34 (size before relaxing)
 *fill*         0x000000000000962d        0x3 
 .rodata        0x0000000000009630       0x14 ./mbed/TARGET_K64F/TOOLCHAIN_GCC_ARM/libmbed.a(gpio.o)
 .rodata.str1.4
                0x0000000000009644       0x88 ./mbed/TARGET_K64F/TOOLCHAIN_GCC_ARM/libmbed.a(gpio.o)
 .rodata.str1.4
                0x0000000000009644       0x66 ./mbed/TARGET_K64F/TOOLCHAIN_GCC_ARM/libmbed.a(pinmap_common.o)
                                         0x68 (size before relaxing)
 *fill*         0x00000000000096aa        0x2 
 .rodata.g_simBaseAddr
                0x00000000000096ac        0x4 ./mbed/TARGET_K64F/TOOLCHAIN_GCC_ARM/libmbed.a(fsl_clock_manager.o)
                0x00000000000096ac                g_simBaseAddr
 .rodata.__func__.14753
                0x00000000000096b0       0x20 ./mbed/TARGET_K64F/TOOLCHAIN_GCC_ARM/libmbed.a(fsl_ftm_hal.o)
 .rodata.__func__.14967
                0x00000000000096d0       0x18 ./mbed/TARGET_K64F/TOOLCHAIN_GCC_ARM/libmbed.a(fsl_ftm_hal.o)
 .rodata.str1.4
                0x00000000000096e8      0x153 ./mbed/TARGET_K64F/TOOLCHAIN_GCC_ARM/libmbed.a(fsl_ftm_hal.o)
                                        0x17c (size before relaxing)
 *fill*         0x000000000000983b        0x1 
 .rodata.str1.4
                0x000000000000983c      0x170 ./mbed/TARGET_K64F/TOOLCHAIN_GCC_ARM/libmbed.a(fsl_sim_hal.o)
 .rodata.__func__.15176
                0x00000000000099ac       0x18 ./mbed/TARGET_K64F/TOOLCHAIN_GCC_ARM/libmbed.a(fsl_sim_hal.o)
 .rodata.PinMap_I2C_SDA
                0x00000000000099c4       0x60 ./mbed/TARGET_K64F/TOOLCHAIN_GCC_ARM/libmbed.a(PeripheralPins.o)
                0x00000000000099c4                PinMap_I2C_SDA
 .rodata.PinMap_UART_RX
                0x0000000000009a24       0x90 ./mbed/TARGET_K64F/TOOLCHAIN_GCC_ARM/libmbed.a(PeripheralPins.o)
                0x0000000000009a24                PinMap_UART_RX
 .rodata.PinMap_PWM
                0x0000000000009ab4      0x1d4 ./mbed/TARGET_K64F/TOOLCHAIN_GCC_ARM/libmbed.a(PeripheralPins.o)
                0x0000000000009ab4                PinMap_PWM
 .rodata.PinMap_I2C_SCL
                0x0000000000009c88       0x6c ./mbed/TARGET_K64F/TOOLCHAIN_GCC_ARM/libmbed.a(PeripheralPins.o)
                0x0000000000009c88                PinMap_I2C_SCL
 .rodata.PinMap_UART_TX
                0x0000000000009cf4       0x90 ./mbed/TARGET_K64F/TOOLCHAIN_GCC_ARM/libmbed.a(PeripheralPins.o)
                0x0000000000009cf4                PinMap_UART_TX
 .rodata.kClockNameConfigTable
                0x0000000000009d84       0x14 ./mbed/TARGET_K64F/TOOLCHAIN_GCC_ARM/libmbed.a(fsl_sim_hal_K64F12.o)
                0x0000000000009d84                kClockNameConfigTable
 .rodata        0x0000000000009d98       0x28 ./mbed/TARGET_K64F/TOOLCHAIN_GCC_ARM/libmbed.a(gpio_api.o)
 .rodata.str1.4
                0x0000000000009dc0      0x11e ./mbed/TARGET_K64F/TOOLCHAIN_GCC_ARM/libmbed.a(gpio_api.o)
                                        0x138 (size before relaxing)
 *fill*         0x0000000000009ede        0x2 
 .rodata.__func__.15014
                0x0000000000009ee0       0x14 ./mbed/TARGET_K64F/TOOLCHAIN_GCC_ARM/libmbed.a(gpio_api.o)
 .rodata        0x0000000000009ef4       0x20 ./mbed/TARGET_K64F/TOOLCHAIN_GCC_ARM/libmbed.a(i2c_api.o)
 .rodata.__func__.16657
                0x0000000000009f14       0x1c ./mbed/TARGET_K64F/TOOLCHAIN_GCC_ARM/libmbed.a(i2c_api.o)
 .rodata.str1.4
                0x0000000000009f30      0x16d ./mbed/TARGET_K64F/TOOLCHAIN_GCC_ARM/libmbed.a(i2c_api.o)
                                        0x20c (size before relaxing)
 *fill*         0x000000000000a09d        0x3 
 .rodata.__func__.16499
                0x000000000000a0a0       0x14 ./mbed/TARGET_K64F/TOOLCHAIN_GCC_ARM/libmbed.a(i2c_api.o)
 .rodata        0x000000000000a0b4       0x14 ./mbed/TARGET_K64F/TOOLCHAIN_GCC_ARM/libmbed.a(pinmap.o)
 .rodata.__func__.16239
                0x000000000000a0c8       0x14 ./mbed/TARGET_K64F/TOOLCHAIN_GCC_ARM/libmbed.a(pinmap.o)
 .rodata.__func__.16209
                0x000000000000a0dc       0x14 ./mbed/TARGET_K64F/TOOLCHAIN_GCC_ARM/libmbed.a(pinmap.o)
 .rodata.str1.4
                0x000000000000a0f0       0x70 ./mbed/TARGET_K64F/TOOLCHAIN_GCC_ARM/libmbed.a(pinmap.o)
                                        0x120 (size before relaxing)
 .rodata._ZTVN4mbed8FileBaseE
                0x000000000000a160       0x10 ./mbed/TARGET_K64F/TOOLCHAIN_GCC_ARM/libmbed.a(FileBase.o)
                0x000000000000a160                vtable for mbed::FileBase
 .rodata._ZTVN4mbed8FileLikeE
                0x000000000000a170       0x40 ./mbed/TARGET_K64F/TOOLCHAIN_GCC_ARM/libmbed.a(FileLike.o)
                0x000000000000a170                vtable for mbed::FileLike
 .rodata.us_interface
                0x000000000000a1b0       0x14 ./mbed/TARGET_K64F/TOOLCHAIN_GCC_ARM/libmbed.a(us_ticker_api.o)
 .rodata.us_data
                0x000000000000a1c4        0x8 ./mbed/TARGET_K64F/TOOLCHAIN_GCC_ARM/libmbed.a(us_ticker_api.o)
 .rodata.kI2CDividerTable
                0x000000000000a1cc       0xc8 ./mbed/TARGET_K64F/TOOLCHAIN_GCC_ARM/libmbed.a(fsl_i2c_hal.o)
                0x000000000000a1cc                kI2CDividerTable
 .rodata.str1.1
                0x000000000000a294       0x3c /usr/lib/gcc/arm-none-eabi/4.9.3/../../../arm-none-eabi/lib/armv7e-m/softfp/libc_nano.a(lib_a-assert.o)
                                         0x3d (size before relaxing)
 .rodata.__sf_fake_stdin
                0x000000000000a2d0       0x20 /usr/lib/gcc/arm-none-eabi/4.9.3/../../../arm-none-eabi/lib/armv7e-m/softfp/libc_nano.a(lib_a-findfp.o)
                0x000000000000a2d0                __sf_fake_stdin
 .rodata.__sf_fake_stdout
                0x000000000000a2f0       0x20 /usr/lib/gcc/arm-none-eabi/4.9.3/../../../arm-none-eabi/lib/armv7e-m/softfp/libc_nano.a(lib_a-findfp.o)
                0x000000000000a2f0                __sf_fake_stdout
 .rodata.__sf_fake_stderr
                0x000000000000a310       0x20 /usr/lib/gcc/arm-none-eabi/4.9.3/../../../arm-none-eabi/lib/armv7e-m/softfp/libc_nano.a(lib_a-findfp.o)
                0x000000000000a310                __sf_fake_stderr
 .rodata.str1.1
                0x000000000000a330        0x2 /usr/lib/gcc/arm-none-eabi/4.9.3/../../../arm-none-eabi/lib/armv7e-m/softfp/libc_nano.a(lib_a-impure.o)
 *fill*         0x000000000000a332        0x2 
 .rodata._global_impure_ptr
                0x000000000000a334        0x4 /usr/lib/gcc/arm-none-eabi/4.9.3/../../../arm-none-eabi/lib/armv7e-m/softfp/libc_nano.a(lib_a-impure.o)
                0x000000000000a334                _global_impure_ptr
 .rodata.str1.1
                0x000000000000a338       0x11 /usr/lib/gcc/arm-none-eabi/4.9.3/../../../arm-none-eabi/lib/armv7e-m/softfp/libc_nano.a(lib_a-nano-vfprintf.o)
 .rodata.str1.1
                0x000000000000a349       0x10 /usr/lib/gcc/arm-none-eabi/4.9.3/../../../arm-none-eabi/lib/armv7e-m/softfp/libc_nano.a(lib_a-nano-vfprintf_float.o)
                                         0x12 (size before relaxing)
 .rodata.str1.1
                0x000000000000a359       0x22 /usr/lib/gcc/arm-none-eabi/4.9.3/../../../arm-none-eabi/lib/armv7e-m/softfp/libc_nano.a(lib_a-nano-vfprintf_i.o)
 .rodata.str1.1
                0x000000000000a37b        0x5 /usr/lib/gcc/arm-none-eabi/4.9.3/../../../arm-none-eabi/lib/armv7e-m/softfp/libc_nano.a(lib_a-nano-vfscanf_float.o)
 .rodata        0x000000000000a380        0xc /usr/lib/gcc/arm-none-eabi/4.9.3/../../../arm-none-eabi/lib/armv7e-m/softfp/libc_nano.a(lib_a-nano-vfscanf_i.o)
 .rodata.str1.1
                0x000000000000a38c       0x1b /usr/lib/gcc/arm-none-eabi/4.9.3/../../../arm-none-eabi/lib/armv7e-m/softfp/libc_nano.a(lib_a-nano-vfscanf_i.o)
 .rodata.str1.1
                0x000000000000a3a7       0x1b /usr/lib/gcc/arm-none-eabi/4.9.3/../../../arm-none-eabi/lib/armv7e-m/softfp/libc_nano.a(lib_a-strtod.o)
                                          0xc (size before relaxing)
 *fill*         0x000000000000a3a7        0x1 
 .rodata.fpinan.5315
                0x000000000000a3a8       0x14 /usr/lib/gcc/arm-none-eabi/4.9.3/../../../arm-none-eabi/lib/armv7e-m/softfp/libc_nano.a(lib_a-strtod.o)
 *fill*         0x000000000000a3bc        0x4 
 .rodata.tinytens
                0x000000000000a3c0       0x28 /usr/lib/gcc/arm-none-eabi/4.9.3/../../../arm-none-eabi/lib/armv7e-m/softfp/libc_nano.a(lib_a-strtod.o)
 .rodata.fpi.5279
                0x000000000000a3e8       0x14 /usr/lib/gcc/arm-none-eabi/4.9.3/../../../arm-none-eabi/lib/armv7e-m/softfp/libc_nano.a(lib_a-strtod.o)
 .rodata._ctype_
                0x000000000000a3fc      0x101 /usr/lib/gcc/arm-none-eabi/4.9.3/../../../arm-none-eabi/lib/armv7e-m/softfp/libc_nano.a(lib_a-ctype_.o)
                0x000000000000a3fc                _ctype_
 .rodata.str1.1
                0x000000000000a4fd        0xd /usr/lib/gcc/arm-none-eabi/4.9.3/../../../arm-none-eabi/lib/armv7e-m/softfp/libc_nano.a(lib_a-dtoa.o)
                                          0xf (size before relaxing)
 .rodata.str1.1
                0x000000000000a50a        0x8 /usr/lib/gcc/arm-none-eabi/4.9.3/../../../arm-none-eabi/lib/armv7e-m/softfp/libc_nano.a(lib_a-locale.o)
                                          0xb (size before relaxing)
 *fill*         0x000000000000a512        0x6 
 .rodata.__mprec_tens
                0x000000000000a518       0xc8 /usr/lib/gcc/arm-none-eabi/4.9.3/../../../arm-none-eabi/lib/armv7e-m/softfp/libc_nano.a(lib_a-mprec.o)
                0x000000000000a518                __mprec_tens
 .rodata.__mprec_bigtens
                0x000000000000a5e0       0x28 /usr/lib/gcc/arm-none-eabi/4.9.3/../../../arm-none-eabi/lib/armv7e-m/softfp/libc_nano.a(lib_a-mprec.o)
                0x000000000000a5e0                __mprec_bigtens
 .rodata.p05.5314
                0x000000000000a608        0xc /usr/lib/gcc/arm-none-eabi/4.9.3/../../../arm-none-eabi/lib/armv7e-m/softfp/libc_nano.a(lib_a-mprec.o)
 .rodata.str1.1
                0x000000000000a614       0x11 /usr/lib/gcc/arm-none-eabi/4.9.3/../../../arm-none-eabi/lib/armv7e-m/softfp/libc_nano.a(lib_a-nano-svfprintf.o)
 .rodata.str1.1
                0x000000000000a614        0x4 /usr/lib/gcc/arm-none-eabi/4.9.3/../../../arm-none-eabi/lib/armv7e-m/softfp/libc_nano.a(lib_a-nano-svfscanf.o)
 *(.eh_frame*)
 .eh_frame      0x000000000000a614        0x0 /usr/lib/gcc/arm-none-eabi/4.9.3/armv7e-m/softfp/crtbegin.o
 .eh_frame      0x000000000000a614       0x28 /usr/lib/gcc/arm-none-eabi/4.9.3/../../../arm-none-eabi/lib/armv7e-m/softfp/libc_nano.a(lib_a-strcmp.o)
 .eh_frame      0x000000000000a63c        0x4 /usr/lib/gcc/arm-none-eabi/4.9.3/armv7e-m/softfp/crtend.o

.glue_7         0x000000000000a640        0x0
 .glue_7        0x000000000000a640        0x0 linker stubs

.glue_7t        0x000000000000a640        0x0
 .glue_7t       0x000000000000a640        0x0 linker stubs

.vfp11_veneer   0x000000000000a640        0x0
 .vfp11_veneer  0x000000000000a640        0x0 linker stubs

.v4_bx          0x000000000000a640        0x0
 .v4_bx         0x000000000000a640        0x0 linker stubs

.iplt           0x000000000000a640        0x0
 .iplt          0x000000000000a640        0x0 /usr/lib/gcc/arm-none-eabi/4.9.3/armv7e-m/softfp/crtbegin.o

.ARM.extab
 *(.ARM.extab* .gnu.linkonce.armextab.*)
                0x000000000000a640                __exidx_start = .

.ARM.exidx      0x000000000000a640        0x8
 *(.ARM.exidx* .gnu.linkonce.armexidx.*)
 .ARM.exidx     0x000000000000a640        0x8 /usr/lib/gcc/arm-none-eabi/4.9.3/../../../arm-none-eabi/lib/armv7e-m/softfp/crt0.o
                0x000000000000a648                __exidx_end = .
                0x000000000000a648                __etext = .

.rel.dyn        0x000000000000a648        0x0
 .rel.iplt      0x000000000000a648        0x0 /usr/lib/gcc/arm-none-eabi/4.9.3/armv7e-m/softfp/crtbegin.o

.data           0x000000001fff0198       0xb4 load address 0x000000000000a648
                0x000000001fff0198                __data_start__ = .
 *(vtable)
 *(.data*)
 .data          0x000000001fff0198        0x4 /usr/lib/gcc/arm-none-eabi/4.9.3/armv7e-m/softfp/crtbegin.o
                0x000000001fff0198                __dso_handle
 .data._ZZ5_sbrkE4heap